Archive member included because of file (symbol)

C:/Freescale/CW MCU v11.1/MCU/ARM_GCC_Support/ewl/lib/armv7e-m\libc.a(putchar.o)
                              ./Sources/Driver_SLCD.o (putchar)
C:/Freescale/CW MCU v11.1/MCU/ARM_GCC_Support/ewl/lib/armv7e-m\libc.a(ansi_files.o)
                              C:/Freescale/CW MCU v11.1/MCU/ARM_GCC_Support/ewl/lib/armv7e-m\libc.a(putchar.o) (__files)
C:/Freescale/CW MCU v11.1/MCU/ARM_GCC_Support/ewl/lib/armv7e-m\libc.a(puts.o)
                              ./Sources/main.o (puts)
C:/Freescale/CW MCU v11.1/MCU/ARM_GCC_Support/ewl/lib/armv7e-m\libc.a(__putchar.o)
                              C:/Freescale/CW MCU v11.1/MCU/ARM_GCC_Support/ewl/lib/armv7e-m\libc.a(putchar.o) (__put_char)
C:/Freescale/CW MCU v11.1/MCU/ARM_GCC_Support/ewl/lib/armv7e-m\libc.a(__buffer_io.o)
                              C:/Freescale/CW MCU v11.1/MCU/ARM_GCC_Support/ewl/lib/armv7e-m\libc.a(__putchar.o) (__prep_buffer)
C:/Freescale/CW MCU v11.1/MCU/ARM_GCC_Support/ewl/lib/armv7e-m\libc.a(sprintf.o)
                              ./Sources/main.o (sprintf)
C:/Freescale/CW MCU v11.1/MCU/ARM_GCC_Support/ewl/lib/armv7e-m\libc.a(printf.o)
                              ./Sources/main.o (printf)
C:/Freescale/CW MCU v11.1/MCU/ARM_GCC_Support/ewl/lib/armv7e-m\libc.a(fflush.o)
                              C:/Freescale/CW MCU v11.1/MCU/ARM_GCC_Support/ewl/lib/armv7e-m\libc.a(ansi_files.o) (fflush)
C:/Freescale/CW MCU v11.1/MCU/ARM_GCC_Support/ewl/lib/armv7e-m\libc.a(exit.o)
                              ./Project_Settings/Startup_Code/__arm_start.o (exit)
C:/Freescale/CW MCU v11.1/MCU/ARM_GCC_Support/ewl/lib/armv7e-m\libc.a(memset.o)
                              ./Project_Settings/Startup_Code/__arm_start.o (memset)
C:/Freescale/CW MCU v11.1/MCU/ARM_GCC_Support/ewl/lib/armv7e-m\libc.a(__filll_mem.o)
                              C:/Freescale/CW MCU v11.1/MCU/ARM_GCC_Support/ewl/lib/armv7e-m\libc.a(memset.o) (__fill_mem)
C:/Freescale/CW MCU v11.1/MCU/ARM_GCC_Support/ewl/lib/armv7e-m\libc.a(printformat_.o)
                              (__pformatter_)
C:/Freescale/CW MCU v11.1/MCU/ARM_GCC_Support/ewl/lib/armv7e-m\libc.a(scanformat_.o)
                              (__sformatter)
C:/Freescale/CW MCU v11.1/MCU/ARM_GCC_Support/ewl/lib/armv7e-m\libc.a(ctype_aeabi.o)
                              C:/Freescale/CW MCU v11.1/MCU/ARM_GCC_Support/ewl/lib/armv7e-m\libc.a(scanformat_.o) (isspace)
C:/Freescale/CW MCU v11.1/MCU/ARM_GCC_Support/ewl/lib/armv7e-m\libc.a(vsnprintf.o)
                              C:/Freescale/CW MCU v11.1/MCU/ARM_GCC_Support/ewl/lib/armv7e-m\libc.a(sprintf.o) (vsnprintf)
C:/Freescale/CW MCU v11.1/MCU/ARM_GCC_Support/ewl/lib/armv7e-m\libc.a(fwrite.o)
                              C:/Freescale/CW MCU v11.1/MCU/ARM_GCC_Support/ewl/lib/armv7e-m\libc.a(printf.o) (__FileWrite)
C:/Freescale/CW MCU v11.1/MCU/ARM_GCC_Support/ewl/lib/armv7e-m\libc.a(__strtoul.o)
                              C:/Freescale/CW MCU v11.1/MCU/ARM_GCC_Support/ewl/lib/armv7e-m\libc.a(scanformat_.o) (__strtoul)
C:/Freescale/CW MCU v11.1/MCU/ARM_GCC_Support/ewl/lib/armv7e-m\libc.a(strchr.o)
                              C:/Freescale/CW MCU v11.1/MCU/ARM_GCC_Support/ewl/lib/armv7e-m\libc.a(printformat_.o) (strchr)
C:/Freescale/CW MCU v11.1/MCU/ARM_GCC_Support/ewl/lib/armv7e-m\libc.a(memcpy.o)
                              C:/Freescale/CW MCU v11.1/MCU/ARM_GCC_Support/ewl/lib/armv7e-m\libc.a(vsnprintf.o) (memcpy)
C:/Freescale/CW MCU v11.1/MCU/ARM_GCC_Support/ewl/lib/armv7e-m\libc.a(strlen.o)
                              C:/Freescale/CW MCU v11.1/MCU/ARM_GCC_Support/ewl/lib/armv7e-m\libc.a(printformat_.o) (strlen)
C:/Freescale/CW MCU v11.1/MCU/ARM_GCC_Support/ewl/lib/armv7e-m\libc.a(__memrchr.o)
                              C:/Freescale/CW MCU v11.1/MCU/ARM_GCC_Support/ewl/lib/armv7e-m\libc.a(fwrite.o) (__memrchr)
C:/Freescale/CW MCU v11.1/MCU/ARM_GCC_Support/ewl/lib/armv7e-m\libc.a(memchr.o)
                              C:/Freescale/CW MCU v11.1/MCU/ARM_GCC_Support/ewl/lib/armv7e-m\libc.a(printformat_.o) (memchr)
c:/freescale/cw mcu v11.1/cross_tools/arm-none-eabi-gcc-4_7_3/bin/../lib/gcc/arm-none-eabi/4.7.3/armv7e-m\libgcc.a(_arm_addsubdf3.o)
                              ./Sources/main.o (__aeabi_dsub)
c:/freescale/cw mcu v11.1/cross_tools/arm-none-eabi-gcc-4_7_3/bin/../lib/gcc/arm-none-eabi/4.7.3/armv7e-m\libgcc.a(_arm_muldivdf3.o)
                              ./Sources/main.o (__aeabi_dmul)
c:/freescale/cw mcu v11.1/cross_tools/arm-none-eabi-gcc-4_7_3/bin/../lib/gcc/arm-none-eabi/4.7.3/armv7e-m\libgcc.a(_arm_fixdfsi.o)
                              ./Sources/main.o (__aeabi_d2iz)
c:/freescale/cw mcu v11.1/cross_tools/arm-none-eabi-gcc-4_7_3/bin/../lib/gcc/arm-none-eabi/4.7.3/armv7e-m\libgcc.a(_arm_truncdfsf2.o)
                              ./Sources/main.o (__aeabi_d2f)
C:/Freescale/CW MCU v11.1/MCU/ARM_GCC_Support/ewl/lib/armv7e-m\librt.a(gcc_ctor_dtor.o)
                              ./Project_Settings/Startup_Code/__arm_start.o (__init_cpp)
C:/Freescale/CW MCU v11.1/MCU/ARM_GCC_Support/ewl/lib/armv7e-m\librt.a(__arm_eabi_init.o)
                              C:/Freescale/CW MCU v11.1/MCU/ARM_GCC_Support/ewl/lib/armv7e-m\libc.a(exit.o) (__destroy_global_chain)
C:/Freescale/CW MCU v11.1/MCU/ARM_GCC_Support/ewl/lib/armv7e-m\librt.a(ROMCopy.o)
                              ./Project_Settings/Startup_Code/__arm_start.o (__copy_rom_sections_to_ram)
C:/Freescale/CW MCU v11.1/MCU/ARM_GCC_Support/ewl/lib/armv7e-m\libhosted.a(semihosted_console_io.o)
                              ./Project_Settings/Startup_Code/__arm_end.o (sys_exit)
C:/Freescale/CW MCU v11.1/MCU/ARM_GCC_Support/ewl/lib/armv7e-m\libhosted.a(semihosted_file_io.o)
                              C:/Freescale/CW MCU v11.1/MCU/ARM_GCC_Support/ewl/lib/armv7e-m\libhosted.a(semihosted_console_io.o) (__write_file)
C:/Freescale/CW MCU v11.1/MCU/ARM_GCC_Support/ewl/lib/armv7e-m\libc.a(alloc.o)
                              C:/Freescale/CW MCU v11.1/MCU/ARM_GCC_Support/ewl/lib/armv7e-m\libhosted.a(semihosted_file_io.o) (malloc)
C:/Freescale/CW MCU v11.1/MCU/ARM_GCC_Support/ewl/lib/armv7e-m\libc.a(strcpy.o)
                              C:/Freescale/CW MCU v11.1/MCU/ARM_GCC_Support/ewl/lib/armv7e-m\libhosted.a(semihosted_file_io.o) (strcpy)

Allocating common symbols
Common symbol       size              file

array_ms            0x190             ./Sources/main.o
stdout_buff         0x40              C:/Freescale/CW MCU v11.1/MCU/ARM_GCC_Support/ewl/lib/armv7e-m\libc.a(ansi_files.o)
stdin_buff          0x40              C:/Freescale/CW MCU v11.1/MCU/ARM_GCC_Support/ewl/lib/armv7e-m\libc.a(ansi_files.o)
stderr_buff         0x40              C:/Freescale/CW MCU v11.1/MCU/ARM_GCC_Support/ewl/lib/armv7e-m\libc.a(ansi_files.o)

Discarded input sections

 .text          0x00000000        0x0 ./Project_Settings/Startup_Code/kinetis_sysinit.o
 .data          0x00000000        0x0 ./Project_Settings/Startup_Code/kinetis_sysinit.o
 .bss           0x00000000        0x0 ./Project_Settings/Startup_Code/kinetis_sysinit.o
 .text          0x00000000        0x0 ./Project_Settings/Startup_Code/__arm_start.o
 .data          0x00000000        0x0 ./Project_Settings/Startup_Code/__arm_start.o
 .bss           0x00000000        0x0 ./Project_Settings/Startup_Code/__arm_start.o
 .text.__iar_program_start
                0x00000000        0x4 ./Project_Settings/Startup_Code/__arm_start.o
 .text          0x00000000        0x0 ./Project_Settings/Startup_Code/__arm_end.o
 .data          0x00000000        0x0 ./Project_Settings/Startup_Code/__arm_end.o
 .bss           0x00000000        0x0 ./Project_Settings/Startup_Code/__arm_end.o
 .text          0x00000000        0x0 ./Sources/main.o
 .data          0x00000000        0x0 ./Sources/main.o
 .bss           0x00000000        0x0 ./Sources/main.o
 .data.tabla    0x00000000      0x800 ./Sources/main.o
 .text.initPIT  0x00000000       0x30 ./Sources/main.o
 .text.lptmr_time_counter
                0x00000000       0xd0 ./Sources/main.o
 .text.initPWM  0x00000000      0x11c ./Sources/main.o
 .text._PWM     0x00000000       0x90 ./Sources/main.o
 .text          0x00000000        0x0 ./Sources/Fonts_LCD.o
 .data          0x00000000        0x0 ./Sources/Fonts_LCD.o
 .bss           0x00000000        0x0 ./Sources/Fonts_LCD.o
 .text          0x00000000        0x0 ./Sources/Driver_SLCD.o
 .data          0x00000000        0x0 ./Sources/Driver_SLCD.o
 .bss           0x00000000        0x0 ./Sources/Driver_SLCD.o
 .rodata.WaveFormRegisterClearTable
                0x00000000       0x94 ./Sources/Driver_SLCD.o
 .bss.isMarqueeRestart
                0x00000000        0x1 ./Sources/Driver_SLCD.o
 .rodata        0x00000000        0x8 ./Sources/Driver_SLCD.o
 .data.Error    0x00000000        0x4 ./Sources/Driver_SLCD.o
 .text._SLCDModule_PrintScrolling
                0x00000000      0x118 ./Sources/Driver_SLCD.o
 .text._SLCDModule_PrintMarquee
                0x00000000      0x188 ./Sources/Driver_SLCD.o
 .text._SLCDModule_MarqueeWFRegisters
                0x00000000      0x158 ./Sources/Driver_SLCD.o
 .text._SLCDModule_PrintUpperArrow
                0x00000000       0x94 ./Sources/Driver_SLCD.o
 .text._SLCDModule_PrintLowerArrow
                0x00000000       0x94 ./Sources/Driver_SLCD.o
 .text._SLCDModule_PrintLeftArrow
                0x00000000       0x50 ./Sources/Driver_SLCD.o
 .text._SLCDModule_PrintRightArrow
                0x00000000       0x50 ./Sources/Driver_SLCD.o
 .text._SLCDModule_PrintUpperRCArrow
                0x00000000       0xc4 ./Sources/Driver_SLCD.o
 .text._SLCDModule_PrintLowerRCArrow
                0x00000000       0xbc ./Sources/Driver_SLCD.o
 .text._SLCDModule_EraseUpperArrow
                0x00000000       0x94 ./Sources/Driver_SLCD.o
 .text._SLCDModule_EraseLowerArrow
                0x00000000       0x94 ./Sources/Driver_SLCD.o
 .text._SLCDModule_EraseLeftArrow
                0x00000000       0x50 ./Sources/Driver_SLCD.o
 .text._SLCDModule_EraseRightArrow
                0x00000000       0x50 ./Sources/Driver_SLCD.o
 .text._SLCDModule_EraseUpperRCArrow
                0x00000000       0xbc ./Sources/Driver_SLCD.o
 .text._SLCDModule_EraseLowerRCArrow
                0x00000000       0xbc ./Sources/Driver_SLCD.o
 .text._SLCDModule_PrintRCBlocks
                0x00000000      0x2f0 ./Sources/Driver_SLCD.o
 .text._SLCDModule_EraseRCBlocks
                0x00000000      0x2f0 ./Sources/Driver_SLCD.o
 .text._SLCDModule_TurnOnUSBSign
                0x00000000       0x38 ./Sources/Driver_SLCD.o
 .text._SLCDModule_TurnOnWirelessSign
                0x00000000       0x38 ./Sources/Driver_SLCD.o
 .text._SLCDModule_TurnOnPounceSign
                0x00000000       0x38 ./Sources/Driver_SLCD.o
 .text._SLCDModule_TurnOnFreescaleSign
                0x00000000       0x38 ./Sources/Driver_SLCD.o
 .text._SLCDModule_TurnOnClockSign
                0x00000000       0x38 ./Sources/Driver_SLCD.o
 .text._SLCDModule_TurnOnJLinkSign
                0x00000000       0x38 ./Sources/Driver_SLCD.o
 .text._SLCDModule_TurnOffUSBSign
                0x00000000       0x38 ./Sources/Driver_SLCD.o
 .text._SLCDModule_TurnOffWirelessSign
                0x00000000       0x38 ./Sources/Driver_SLCD.o
 .text._SLCDModule_TurnOffPounceSign
                0x00000000       0x38 ./Sources/Driver_SLCD.o
 .text._SLCDModule_TurnOffFreescaleSign
                0x00000000       0x38 ./Sources/Driver_SLCD.o
 .text._SLCDModule_TurnOffClockSign
                0x00000000       0x38 ./Sources/Driver_SLCD.o
 .text._SLCDModule_TurnOffJLinkSign
                0x00000000       0x38 ./Sources/Driver_SLCD.o
 .text._SLCDModule_TurnOnBatteryOutline
                0x00000000       0x38 ./Sources/Driver_SLCD.o
 .text._SLCDModule_TurnOnBattery
                0x00000000       0xc8 ./Sources/Driver_SLCD.o
 .text._SLCDModule_TurnOffBattery
                0x00000000       0x6c ./Sources/Driver_SLCD.o
 .text._SLCDModule_SetSegment
                0x00000000       0x60 ./Sources/Driver_SLCD.o
 .text._SLCDModule_ClearSegment
                0x00000000       0x64 ./Sources/Driver_SLCD.o
 .text._SLCDModule_TurnOffAllSegments
                0x00000000       0x98 ./Sources/Driver_SLCD.o
 .text._SLCDModule_TurnOnAllSegments
                0x00000000       0x98 ./Sources/Driver_SLCD.o
 .text._SLCDModule_StringLength
                0x00000000       0x40 ./Sources/Driver_SLCD.o
 .text._SLCDModule_PrintNumber
                0x00000000      0x118 ./Sources/Driver_SLCD.o
 .data.isFirstTime.5775
                0x00000000        0x1 ./Sources/Driver_SLCD.o
 .bss.MarqueeLength.5776
                0x00000000        0x2 ./Sources/Driver_SLCD.o
 .bss.MarqueeLength.5757
                0x00000000        0x2 ./Sources/Driver_SLCD.o
 .text          0x00000000        0x0 C:/Freescale/CW MCU v11.1/MCU/ARM_GCC_Support/ewl/lib/armv7e-m\libc.a(putchar.o)
 .data          0x00000000        0x0 C:/Freescale/CW MCU v11.1/MCU/ARM_GCC_Support/ewl/lib/armv7e-m\libc.a(putchar.o)
 .bss           0x00000000        0x0 C:/Freescale/CW MCU v11.1/MCU/ARM_GCC_Support/ewl/lib/armv7e-m\libc.a(putchar.o)
 .text          0x00000000        0x0 C:/Freescale/CW MCU v11.1/MCU/ARM_GCC_Support/ewl/lib/armv7e-m\libc.a(ansi_files.o)
 .data          0x00000000        0x0 C:/Freescale/CW MCU v11.1/MCU/ARM_GCC_Support/ewl/lib/armv7e-m\libc.a(ansi_files.o)
 .bss           0x00000000        0x0 C:/Freescale/CW MCU v11.1/MCU/ARM_GCC_Support/ewl/lib/armv7e-m\libc.a(ansi_files.o)
 .text.__flush_line_buffered_output_files
                0x00000000       0x3c C:/Freescale/CW MCU v11.1/MCU/ARM_GCC_Support/ewl/lib/armv7e-m\libc.a(ansi_files.o)
 .text.__flush_all
                0x00000000       0x30 C:/Freescale/CW MCU v11.1/MCU/ARM_GCC_Support/ewl/lib/armv7e-m\libc.a(ansi_files.o)
 .text          0x00000000        0x0 C:/Freescale/CW MCU v11.1/MCU/ARM_GCC_Support/ewl/lib/armv7e-m\libc.a(puts.o)
 .data          0x00000000        0x0 C:/Freescale/CW MCU v11.1/MCU/ARM_GCC_Support/ewl/lib/armv7e-m\libc.a(puts.o)
 .bss           0x00000000        0x0 C:/Freescale/CW MCU v11.1/MCU/ARM_GCC_Support/ewl/lib/armv7e-m\libc.a(puts.o)
 .text          0x00000000        0x0 C:/Freescale/CW MCU v11.1/MCU/ARM_GCC_Support/ewl/lib/armv7e-m\libc.a(__putchar.o)
 .data          0x00000000        0x0 C:/Freescale/CW MCU v11.1/MCU/ARM_GCC_Support/ewl/lib/armv7e-m\libc.a(__putchar.o)
 .bss           0x00000000        0x0 C:/Freescale/CW MCU v11.1/MCU/ARM_GCC_Support/ewl/lib/armv7e-m\libc.a(__putchar.o)
 .text          0x00000000        0x0 C:/Freescale/CW MCU v11.1/MCU/ARM_GCC_Support/ewl/lib/armv7e-m\libc.a(__buffer_io.o)
 .data          0x00000000        0x0 C:/Freescale/CW MCU v11.1/MCU/ARM_GCC_Support/ewl/lib/armv7e-m\libc.a(__buffer_io.o)
 .bss           0x00000000        0x0 C:/Freescale/CW MCU v11.1/MCU/ARM_GCC_Support/ewl/lib/armv7e-m\libc.a(__buffer_io.o)
 .text.__load_buffer
                0x00000000       0x44 C:/Freescale/CW MCU v11.1/MCU/ARM_GCC_Support/ewl/lib/armv7e-m\libc.a(__buffer_io.o)
 .text          0x00000000        0x0 C:/Freescale/CW MCU v11.1/MCU/ARM_GCC_Support/ewl/lib/armv7e-m\libc.a(sprintf.o)
 .data          0x00000000        0x0 C:/Freescale/CW MCU v11.1/MCU/ARM_GCC_Support/ewl/lib/armv7e-m\libc.a(sprintf.o)
 .bss           0x00000000        0x0 C:/Freescale/CW MCU v11.1/MCU/ARM_GCC_Support/ewl/lib/armv7e-m\libc.a(sprintf.o)
 .text          0x00000000        0x0 C:/Freescale/CW MCU v11.1/MCU/ARM_GCC_Support/ewl/lib/armv7e-m\libc.a(printf.o)
 .data          0x00000000        0x0 C:/Freescale/CW MCU v11.1/MCU/ARM_GCC_Support/ewl/lib/armv7e-m\libc.a(printf.o)
 .bss           0x00000000        0x0 C:/Freescale/CW MCU v11.1/MCU/ARM_GCC_Support/ewl/lib/armv7e-m\libc.a(printf.o)
 .text          0x00000000        0x0 C:/Freescale/CW MCU v11.1/MCU/ARM_GCC_Support/ewl/lib/armv7e-m\libc.a(fflush.o)
 .data          0x00000000        0x0 C:/Freescale/CW MCU v11.1/MCU/ARM_GCC_Support/ewl/lib/armv7e-m\libc.a(fflush.o)
 .bss           0x00000000        0x0 C:/Freescale/CW MCU v11.1/MCU/ARM_GCC_Support/ewl/lib/armv7e-m\libc.a(fflush.o)
 .text.fflush   0x00000000       0x5c C:/Freescale/CW MCU v11.1/MCU/ARM_GCC_Support/ewl/lib/armv7e-m\libc.a(fflush.o)
 .debug_info    0x00000000      0x3e9 C:/Freescale/CW MCU v11.1/MCU/ARM_GCC_Support/ewl/lib/armv7e-m\libc.a(fflush.o)
 .debug_abbrev  0x00000000       0xf6 C:/Freescale/CW MCU v11.1/MCU/ARM_GCC_Support/ewl/lib/armv7e-m\libc.a(fflush.o)
 .debug_loc     0x00000000       0x54 C:/Freescale/CW MCU v11.1/MCU/ARM_GCC_Support/ewl/lib/armv7e-m\libc.a(fflush.o)
 .debug_aranges
                0x00000000       0x20 C:/Freescale/CW MCU v11.1/MCU/ARM_GCC_Support/ewl/lib/armv7e-m\libc.a(fflush.o)
 .debug_line    0x00000000       0xba C:/Freescale/CW MCU v11.1/MCU/ARM_GCC_Support/ewl/lib/armv7e-m\libc.a(fflush.o)
 .debug_str     0x00000000      0x39a C:/Freescale/CW MCU v11.1/MCU/ARM_GCC_Support/ewl/lib/armv7e-m\libc.a(fflush.o)
 .comment       0x00000000       0x7a C:/Freescale/CW MCU v11.1/MCU/ARM_GCC_Support/ewl/lib/armv7e-m\libc.a(fflush.o)
 .ARM.attributes
                0x00000000       0x33 C:/Freescale/CW MCU v11.1/MCU/ARM_GCC_Support/ewl/lib/armv7e-m\libc.a(fflush.o)
 .debug_frame   0x00000000       0x2c C:/Freescale/CW MCU v11.1/MCU/ARM_GCC_Support/ewl/lib/armv7e-m\libc.a(fflush.o)
 .text          0x00000000        0x0 C:/Freescale/CW MCU v11.1/MCU/ARM_GCC_Support/ewl/lib/armv7e-m\libc.a(exit.o)
 .data          0x00000000        0x0 C:/Freescale/CW MCU v11.1/MCU/ARM_GCC_Support/ewl/lib/armv7e-m\libc.a(exit.o)
 .bss           0x00000000        0x0 C:/Freescale/CW MCU v11.1/MCU/ARM_GCC_Support/ewl/lib/armv7e-m\libc.a(exit.o)
 .text          0x00000000        0x0 C:/Freescale/CW MCU v11.1/MCU/ARM_GCC_Support/ewl/lib/armv7e-m\libc.a(memset.o)
 .data          0x00000000        0x0 C:/Freescale/CW MCU v11.1/MCU/ARM_GCC_Support/ewl/lib/armv7e-m\libc.a(memset.o)
 .bss           0x00000000        0x0 C:/Freescale/CW MCU v11.1/MCU/ARM_GCC_Support/ewl/lib/armv7e-m\libc.a(memset.o)
 .text          0x00000000        0x0 C:/Freescale/CW MCU v11.1/MCU/ARM_GCC_Support/ewl/lib/armv7e-m\libc.a(__filll_mem.o)
 .data          0x00000000        0x0 C:/Freescale/CW MCU v11.1/MCU/ARM_GCC_Support/ewl/lib/armv7e-m\libc.a(__filll_mem.o)
 .bss           0x00000000        0x0 C:/Freescale/CW MCU v11.1/MCU/ARM_GCC_Support/ewl/lib/armv7e-m\libc.a(__filll_mem.o)
 .text          0x00000000        0x0 C:/Freescale/CW MCU v11.1/MCU/ARM_GCC_Support/ewl/lib/armv7e-m\libc.a(printformat_.o)
 .data          0x00000000        0x0 C:/Freescale/CW MCU v11.1/MCU/ARM_GCC_Support/ewl/lib/armv7e-m\libc.a(printformat_.o)
 .bss           0x00000000        0x0 C:/Freescale/CW MCU v11.1/MCU/ARM_GCC_Support/ewl/lib/armv7e-m\libc.a(printformat_.o)
 .text          0x00000000        0x0 C:/Freescale/CW MCU v11.1/MCU/ARM_GCC_Support/ewl/lib/armv7e-m\libc.a(scanformat_.o)
 .data          0x00000000        0x0 C:/Freescale/CW MCU v11.1/MCU/ARM_GCC_Support/ewl/lib/armv7e-m\libc.a(scanformat_.o)
 .bss           0x00000000        0x0 C:/Freescale/CW MCU v11.1/MCU/ARM_GCC_Support/ewl/lib/armv7e-m\libc.a(scanformat_.o)
 .text          0x00000000        0x0 C:/Freescale/CW MCU v11.1/MCU/ARM_GCC_Support/ewl/lib/armv7e-m\libc.a(ctype_aeabi.o)
 .data          0x00000000        0x0 C:/Freescale/CW MCU v11.1/MCU/ARM_GCC_Support/ewl/lib/armv7e-m\libc.a(ctype_aeabi.o)
 .bss           0x00000000        0x0 C:/Freescale/CW MCU v11.1/MCU/ARM_GCC_Support/ewl/lib/armv7e-m\libc.a(ctype_aeabi.o)
 .text.isalnum  0x00000000       0x18 C:/Freescale/CW MCU v11.1/MCU/ARM_GCC_Support/ewl/lib/armv7e-m\libc.a(ctype_aeabi.o)
 .text.iscntrl  0x00000000       0x1c C:/Freescale/CW MCU v11.1/MCU/ARM_GCC_Support/ewl/lib/armv7e-m\libc.a(ctype_aeabi.o)
 .text.isdigit  0x00000000        0xc C:/Freescale/CW MCU v11.1/MCU/ARM_GCC_Support/ewl/lib/armv7e-m\libc.a(ctype_aeabi.o)
 .text.isgraph  0x00000000       0x18 C:/Freescale/CW MCU v11.1/MCU/ARM_GCC_Support/ewl/lib/armv7e-m\libc.a(ctype_aeabi.o)
 .text.islower  0x00000000       0x1c C:/Freescale/CW MCU v11.1/MCU/ARM_GCC_Support/ewl/lib/armv7e-m\libc.a(ctype_aeabi.o)
 .text.isprint  0x00000000       0x18 C:/Freescale/CW MCU v11.1/MCU/ARM_GCC_Support/ewl/lib/armv7e-m\libc.a(ctype_aeabi.o)
 .text.ispunct  0x00000000       0x1c C:/Freescale/CW MCU v11.1/MCU/ARM_GCC_Support/ewl/lib/armv7e-m\libc.a(ctype_aeabi.o)
 .text.isupper  0x00000000       0x1c C:/Freescale/CW MCU v11.1/MCU/ARM_GCC_Support/ewl/lib/armv7e-m\libc.a(ctype_aeabi.o)
 .text.isxdigit
                0x00000000       0x1c C:/Freescale/CW MCU v11.1/MCU/ARM_GCC_Support/ewl/lib/armv7e-m\libc.a(ctype_aeabi.o)
 .text.isblank  0x00000000       0x28 C:/Freescale/CW MCU v11.1/MCU/ARM_GCC_Support/ewl/lib/armv7e-m\libc.a(ctype_aeabi.o)
 .text.tolower  0x00000000        0xc C:/Freescale/CW MCU v11.1/MCU/ARM_GCC_Support/ewl/lib/armv7e-m\libc.a(ctype_aeabi.o)
 .text          0x00000000        0x0 C:/Freescale/CW MCU v11.1/MCU/ARM_GCC_Support/ewl/lib/armv7e-m\libc.a(vsnprintf.o)
 .data          0x00000000        0x0 C:/Freescale/CW MCU v11.1/MCU/ARM_GCC_Support/ewl/lib/armv7e-m\libc.a(vsnprintf.o)
 .bss           0x00000000        0x0 C:/Freescale/CW MCU v11.1/MCU/ARM_GCC_Support/ewl/lib/armv7e-m\libc.a(vsnprintf.o)
 .text          0x00000000        0x0 C:/Freescale/CW MCU v11.1/MCU/ARM_GCC_Support/ewl/lib/armv7e-m\libc.a(fwrite.o)
 .data          0x00000000        0x0 C:/Freescale/CW MCU v11.1/MCU/ARM_GCC_Support/ewl/lib/armv7e-m\libc.a(fwrite.o)
 .bss           0x00000000        0x0 C:/Freescale/CW MCU v11.1/MCU/ARM_GCC_Support/ewl/lib/armv7e-m\libc.a(fwrite.o)
 .text.fwrite   0x00000000        0x4 C:/Freescale/CW MCU v11.1/MCU/ARM_GCC_Support/ewl/lib/armv7e-m\libc.a(fwrite.o)
 .text          0x00000000        0x0 C:/Freescale/CW MCU v11.1/MCU/ARM_GCC_Support/ewl/lib/armv7e-m\libc.a(__strtoul.o)
 .data          0x00000000        0x0 C:/Freescale/CW MCU v11.1/MCU/ARM_GCC_Support/ewl/lib/armv7e-m\libc.a(__strtoul.o)
 .bss           0x00000000        0x0 C:/Freescale/CW MCU v11.1/MCU/ARM_GCC_Support/ewl/lib/armv7e-m\libc.a(__strtoul.o)
 .text          0x00000000        0x0 C:/Freescale/CW MCU v11.1/MCU/ARM_GCC_Support/ewl/lib/armv7e-m\libc.a(strchr.o)
 .data          0x00000000        0x0 C:/Freescale/CW MCU v11.1/MCU/ARM_GCC_Support/ewl/lib/armv7e-m\libc.a(strchr.o)
 .bss           0x00000000        0x0 C:/Freescale/CW MCU v11.1/MCU/ARM_GCC_Support/ewl/lib/armv7e-m\libc.a(strchr.o)
 .text          0x00000000        0x0 C:/Freescale/CW MCU v11.1/MCU/ARM_GCC_Support/ewl/lib/armv7e-m\libc.a(memcpy.o)
 .data          0x00000000        0x0 C:/Freescale/CW MCU v11.1/MCU/ARM_GCC_Support/ewl/lib/armv7e-m\libc.a(memcpy.o)
 .bss           0x00000000        0x0 C:/Freescale/CW MCU v11.1/MCU/ARM_GCC_Support/ewl/lib/armv7e-m\libc.a(memcpy.o)
 .text          0x00000000        0x0 C:/Freescale/CW MCU v11.1/MCU/ARM_GCC_Support/ewl/lib/armv7e-m\libc.a(strlen.o)
 .data          0x00000000        0x0 C:/Freescale/CW MCU v11.1/MCU/ARM_GCC_Support/ewl/lib/armv7e-m\libc.a(strlen.o)
 .bss           0x00000000        0x0 C:/Freescale/CW MCU v11.1/MCU/ARM_GCC_Support/ewl/lib/armv7e-m\libc.a(strlen.o)
 .text          0x00000000        0x0 C:/Freescale/CW MCU v11.1/MCU/ARM_GCC_Support/ewl/lib/armv7e-m\libc.a(__memrchr.o)
 .data          0x00000000        0x0 C:/Freescale/CW MCU v11.1/MCU/ARM_GCC_Support/ewl/lib/armv7e-m\libc.a(__memrchr.o)
 .bss           0x00000000        0x0 C:/Freescale/CW MCU v11.1/MCU/ARM_GCC_Support/ewl/lib/armv7e-m\libc.a(__memrchr.o)
 .text          0x00000000        0x0 C:/Freescale/CW MCU v11.1/MCU/ARM_GCC_Support/ewl/lib/armv7e-m\libc.a(memchr.o)
 .data          0x00000000        0x0 C:/Freescale/CW MCU v11.1/MCU/ARM_GCC_Support/ewl/lib/armv7e-m\libc.a(memchr.o)
 .bss           0x00000000        0x0 C:/Freescale/CW MCU v11.1/MCU/ARM_GCC_Support/ewl/lib/armv7e-m\libc.a(memchr.o)
 .text          0x00000000      0x370 c:/freescale/cw mcu v11.1/cross_tools/arm-none-eabi-gcc-4_7_3/bin/../lib/gcc/arm-none-eabi/4.7.3/armv7e-m\libgcc.a(_arm_addsubdf3.o)
 .data          0x00000000        0x0 c:/freescale/cw mcu v11.1/cross_tools/arm-none-eabi-gcc-4_7_3/bin/../lib/gcc/arm-none-eabi/4.7.3/armv7e-m\libgcc.a(_arm_addsubdf3.o)
 .bss           0x00000000        0x0 c:/freescale/cw mcu v11.1/cross_tools/arm-none-eabi-gcc-4_7_3/bin/../lib/gcc/arm-none-eabi/4.7.3/armv7e-m\libgcc.a(_arm_addsubdf3.o)
 .ARM.attributes
                0x00000000       0x1e c:/freescale/cw mcu v11.1/cross_tools/arm-none-eabi-gcc-4_7_3/bin/../lib/gcc/arm-none-eabi/4.7.3/armv7e-m\libgcc.a(_arm_addsubdf3.o)
 .text          0x00000000      0x424 c:/freescale/cw mcu v11.1/cross_tools/arm-none-eabi-gcc-4_7_3/bin/../lib/gcc/arm-none-eabi/4.7.3/armv7e-m\libgcc.a(_arm_muldivdf3.o)
 .data          0x00000000        0x0 c:/freescale/cw mcu v11.1/cross_tools/arm-none-eabi-gcc-4_7_3/bin/../lib/gcc/arm-none-eabi/4.7.3/armv7e-m\libgcc.a(_arm_muldivdf3.o)
 .bss           0x00000000        0x0 c:/freescale/cw mcu v11.1/cross_tools/arm-none-eabi-gcc-4_7_3/bin/../lib/gcc/arm-none-eabi/4.7.3/armv7e-m\libgcc.a(_arm_muldivdf3.o)
 .ARM.attributes
                0x00000000       0x1e c:/freescale/cw mcu v11.1/cross_tools/arm-none-eabi-gcc-4_7_3/bin/../lib/gcc/arm-none-eabi/4.7.3/armv7e-m\libgcc.a(_arm_muldivdf3.o)
 .text          0x00000000       0x50 c:/freescale/cw mcu v11.1/cross_tools/arm-none-eabi-gcc-4_7_3/bin/../lib/gcc/arm-none-eabi/4.7.3/armv7e-m\libgcc.a(_arm_fixdfsi.o)
 .data          0x00000000        0x0 c:/freescale/cw mcu v11.1/cross_tools/arm-none-eabi-gcc-4_7_3/bin/../lib/gcc/arm-none-eabi/4.7.3/armv7e-m\libgcc.a(_arm_fixdfsi.o)
 .bss           0x00000000        0x0 c:/freescale/cw mcu v11.1/cross_tools/arm-none-eabi-gcc-4_7_3/bin/../lib/gcc/arm-none-eabi/4.7.3/armv7e-m\libgcc.a(_arm_fixdfsi.o)
 .ARM.attributes
                0x00000000       0x1e c:/freescale/cw mcu v11.1/cross_tools/arm-none-eabi-gcc-4_7_3/bin/../lib/gcc/arm-none-eabi/4.7.3/armv7e-m\libgcc.a(_arm_fixdfsi.o)
 .text          0x00000000       0xa0 c:/freescale/cw mcu v11.1/cross_tools/arm-none-eabi-gcc-4_7_3/bin/../lib/gcc/arm-none-eabi/4.7.3/armv7e-m\libgcc.a(_arm_truncdfsf2.o)
 .data          0x00000000        0x0 c:/freescale/cw mcu v11.1/cross_tools/arm-none-eabi-gcc-4_7_3/bin/../lib/gcc/arm-none-eabi/4.7.3/armv7e-m\libgcc.a(_arm_truncdfsf2.o)
 .bss           0x00000000        0x0 c:/freescale/cw mcu v11.1/cross_tools/arm-none-eabi-gcc-4_7_3/bin/../lib/gcc/arm-none-eabi/4.7.3/armv7e-m\libgcc.a(_arm_truncdfsf2.o)
 .ARM.attributes
                0x00000000       0x1e c:/freescale/cw mcu v11.1/cross_tools/arm-none-eabi-gcc-4_7_3/bin/../lib/gcc/arm-none-eabi/4.7.3/armv7e-m\libgcc.a(_arm_truncdfsf2.o)
 .text          0x00000000        0x0 C:/Freescale/CW MCU v11.1/MCU/ARM_GCC_Support/ewl/lib/armv7e-m\librt.a(gcc_ctor_dtor.o)
 .data          0x00000000        0x0 C:/Freescale/CW MCU v11.1/MCU/ARM_GCC_Support/ewl/lib/armv7e-m\librt.a(gcc_ctor_dtor.o)
 .bss           0x00000000        0x0 C:/Freescale/CW MCU v11.1/MCU/ARM_GCC_Support/ewl/lib/armv7e-m\librt.a(gcc_ctor_dtor.o)
 .bss.__dso_handle
                0x00000000        0x4 C:/Freescale/CW MCU v11.1/MCU/ARM_GCC_Support/ewl/lib/armv7e-m\librt.a(gcc_ctor_dtor.o)
 .text          0x00000000        0x0 C:/Freescale/CW MCU v11.1/MCU/ARM_GCC_Support/ewl/lib/armv7e-m\librt.a(__arm_eabi_init.o)
 .data          0x00000000        0x0 C:/Freescale/CW MCU v11.1/MCU/ARM_GCC_Support/ewl/lib/armv7e-m\librt.a(__arm_eabi_init.o)
 .bss           0x00000000        0x0 C:/Freescale/CW MCU v11.1/MCU/ARM_GCC_Support/ewl/lib/armv7e-m\librt.a(__arm_eabi_init.o)
 .text.__register_global_object
                0x00000000       0x14 C:/Freescale/CW MCU v11.1/MCU/ARM_GCC_Support/ewl/lib/armv7e-m\librt.a(__arm_eabi_init.o)
 .text.__cxa_atexit
                0x00000000       0x38 C:/Freescale/CW MCU v11.1/MCU/ARM_GCC_Support/ewl/lib/armv7e-m\librt.a(__arm_eabi_init.o)
 .text.__aeabi_atexit
                0x00000000        0xa C:/Freescale/CW MCU v11.1/MCU/ARM_GCC_Support/ewl/lib/armv7e-m\librt.a(__arm_eabi_init.o)
 .text.__register_atexit
                0x00000000        0x8 C:/Freescale/CW MCU v11.1/MCU/ARM_GCC_Support/ewl/lib/armv7e-m\librt.a(__arm_eabi_init.o)
 .text.__init_hardware
                0x00000000        0x4 C:/Freescale/CW MCU v11.1/MCU/ARM_GCC_Support/ewl/lib/armv7e-m\librt.a(__arm_eabi_init.o)
 .bss.atexit_curr_func
                0x00000000        0x4 C:/Freescale/CW MCU v11.1/MCU/ARM_GCC_Support/ewl/lib/armv7e-m\librt.a(__arm_eabi_init.o)
 .bss.atexit_funcs
                0x00000000      0x300 C:/Freescale/CW MCU v11.1/MCU/ARM_GCC_Support/ewl/lib/armv7e-m\librt.a(__arm_eabi_init.o)
 .text          0x00000000        0x0 C:/Freescale/CW MCU v11.1/MCU/ARM_GCC_Support/ewl/lib/armv7e-m\librt.a(ROMCopy.o)
 .data          0x00000000        0x0 C:/Freescale/CW MCU v11.1/MCU/ARM_GCC_Support/ewl/lib/armv7e-m\librt.a(ROMCopy.o)
 .bss           0x00000000        0x0 C:/Freescale/CW MCU v11.1/MCU/ARM_GCC_Support/ewl/lib/armv7e-m\librt.a(ROMCopy.o)
 .text.__flush_cache
                0x00000000        0x2 C:/Freescale/CW MCU v11.1/MCU/ARM_GCC_Support/ewl/lib/armv7e-m\librt.a(ROMCopy.o)
 .text          0x00000000        0x0 C:/Freescale/CW MCU v11.1/MCU/ARM_GCC_Support/ewl/lib/armv7e-m\libhosted.a(semihosted_console_io.o)
 .data          0x00000000        0x0 C:/Freescale/CW MCU v11.1/MCU/ARM_GCC_Support/ewl/lib/armv7e-m\libhosted.a(semihosted_console_io.o)
 .bss           0x00000000        0x0 C:/Freescale/CW MCU v11.1/MCU/ARM_GCC_Support/ewl/lib/armv7e-m\libhosted.a(semihosted_console_io.o)
 .text.sys_write0
                0x00000000        0xe C:/Freescale/CW MCU v11.1/MCU/ARM_GCC_Support/ewl/lib/armv7e-m\libhosted.a(semihosted_console_io.o)
 .text          0x00000000        0x0 C:/Freescale/CW MCU v11.1/MCU/ARM_GCC_Support/ewl/lib/armv7e-m\libhosted.a(semihosted_file_io.o)
 .data          0x00000000        0x0 C:/Freescale/CW MCU v11.1/MCU/ARM_GCC_Support/ewl/lib/armv7e-m\libhosted.a(semihosted_file_io.o)
 .bss           0x00000000        0x0 C:/Freescale/CW MCU v11.1/MCU/ARM_GCC_Support/ewl/lib/armv7e-m\libhosted.a(semihosted_file_io.o)
 .text.sys_close
                0x00000000        0xe C:/Freescale/CW MCU v11.1/MCU/ARM_GCC_Support/ewl/lib/armv7e-m\libhosted.a(semihosted_file_io.o)
 .text.fstat    0x00000000        0x6 C:/Freescale/CW MCU v11.1/MCU/ARM_GCC_Support/ewl/lib/armv7e-m\libhosted.a(semihosted_file_io.o)
 .text.write    0x00000000       0x1a C:/Freescale/CW MCU v11.1/MCU/ARM_GCC_Support/ewl/lib/armv7e-m\libhosted.a(semihosted_file_io.o)
 .text.read     0x00000000       0x1a C:/Freescale/CW MCU v11.1/MCU/ARM_GCC_Support/ewl/lib/armv7e-m\libhosted.a(semihosted_file_io.o)
 .text.sys_seek
                0x00000000        0xe C:/Freescale/CW MCU v11.1/MCU/ARM_GCC_Support/ewl/lib/armv7e-m\libhosted.a(semihosted_file_io.o)
 .text.sys_flen
                0x00000000        0xe C:/Freescale/CW MCU v11.1/MCU/ARM_GCC_Support/ewl/lib/armv7e-m\libhosted.a(semihosted_file_io.o)
 .text.__position_file
                0x00000000       0x32 C:/Freescale/CW MCU v11.1/MCU/ARM_GCC_Support/ewl/lib/armv7e-m\libhosted.a(semihosted_file_io.o)
 .text.lseek    0x00000000       0x10 C:/Freescale/CW MCU v11.1/MCU/ARM_GCC_Support/ewl/lib/armv7e-m\libhosted.a(semihosted_file_io.o)
 .text.sys_tmpnam
                0x00000000        0xe C:/Freescale/CW MCU v11.1/MCU/ARM_GCC_Support/ewl/lib/armv7e-m\libhosted.a(semihosted_file_io.o)
 .text.__temp_file_name
                0x00000000       0x28 C:/Freescale/CW MCU v11.1/MCU/ARM_GCC_Support/ewl/lib/armv7e-m\libhosted.a(semihosted_file_io.o)
 .text.sys_remove
                0x00000000        0xe C:/Freescale/CW MCU v11.1/MCU/ARM_GCC_Support/ewl/lib/armv7e-m\libhosted.a(semihosted_file_io.o)
 .text.__delete_file
                0x00000000       0x14 C:/Freescale/CW MCU v11.1/MCU/ARM_GCC_Support/ewl/lib/armv7e-m\libhosted.a(semihosted_file_io.o)
 .text.__close_file
                0x00000000       0x60 C:/Freescale/CW MCU v11.1/MCU/ARM_GCC_Support/ewl/lib/armv7e-m\libhosted.a(semihosted_file_io.o)
 .text.close    0x00000000        0x4 C:/Freescale/CW MCU v11.1/MCU/ARM_GCC_Support/ewl/lib/armv7e-m\libhosted.a(semihosted_file_io.o)
 .text.sys_rename
                0x00000000        0xe C:/Freescale/CW MCU v11.1/MCU/ARM_GCC_Support/ewl/lib/armv7e-m\libhosted.a(semihosted_file_io.o)
 .text.__rename_file
                0x00000000       0x26 C:/Freescale/CW MCU v11.1/MCU/ARM_GCC_Support/ewl/lib/armv7e-m\libhosted.a(semihosted_file_io.o)
 .text.__open_temp_file
                0x00000000       0x68 C:/Freescale/CW MCU v11.1/MCU/ARM_GCC_Support/ewl/lib/armv7e-m\libhosted.a(semihosted_file_io.o)
 .bss.tmpnam_targetid.4369
                0x00000000        0x4 C:/Freescale/CW MCU v11.1/MCU/ARM_GCC_Support/ewl/lib/armv7e-m\libhosted.a(semihosted_file_io.o)
 .bss.__temp_info_anchor
                0x00000000        0x4 C:/Freescale/CW MCU v11.1/MCU/ARM_GCC_Support/ewl/lib/armv7e-m\libhosted.a(semihosted_file_io.o)
 .text          0x00000000        0x0 C:/Freescale/CW MCU v11.1/MCU/ARM_GCC_Support/ewl/lib/armv7e-m\libc.a(alloc.o)
 .data          0x00000000        0x0 C:/Freescale/CW MCU v11.1/MCU/ARM_GCC_Support/ewl/lib/armv7e-m\libc.a(alloc.o)
 .bss           0x00000000        0x0 C:/Freescale/CW MCU v11.1/MCU/ARM_GCC_Support/ewl/lib/armv7e-m\libc.a(alloc.o)
 .text.sbrk     0x00000000       0x28 C:/Freescale/CW MCU v11.1/MCU/ARM_GCC_Support/ewl/lib/armv7e-m\libc.a(alloc.o)
 .text.malloc   0x00000000      0x104 C:/Freescale/CW MCU v11.1/MCU/ARM_GCC_Support/ewl/lib/armv7e-m\libc.a(alloc.o)
 .text.realloc  0x00000000       0x4a C:/Freescale/CW MCU v11.1/MCU/ARM_GCC_Support/ewl/lib/armv7e-m\libc.a(alloc.o)
 .text.free     0x00000000       0x10 C:/Freescale/CW MCU v11.1/MCU/ARM_GCC_Support/ewl/lib/armv7e-m\libc.a(alloc.o)
 .text.calloc   0x00000000       0x3a C:/Freescale/CW MCU v11.1/MCU/ARM_GCC_Support/ewl/lib/armv7e-m\libc.a(alloc.o)
 .bss.head      0x00000000        0x4 C:/Freescale/CW MCU v11.1/MCU/ARM_GCC_Support/ewl/lib/armv7e-m\libc.a(alloc.o)
 .data.tail     0x00000000        0x4 C:/Freescale/CW MCU v11.1/MCU/ARM_GCC_Support/ewl/lib/armv7e-m\libc.a(alloc.o)
 .bss.heap_end.4347
                0x00000000        0x4 C:/Freescale/CW MCU v11.1/MCU/ARM_GCC_Support/ewl/lib/armv7e-m\libc.a(alloc.o)
 .debug_info    0x00000000      0x33e C:/Freescale/CW MCU v11.1/MCU/ARM_GCC_Support/ewl/lib/armv7e-m\libc.a(alloc.o)
 .debug_abbrev  0x00000000      0x18f C:/Freescale/CW MCU v11.1/MCU/ARM_GCC_Support/ewl/lib/armv7e-m\libc.a(alloc.o)
 .debug_loc     0x00000000      0x2a8 C:/Freescale/CW MCU v11.1/MCU/ARM_GCC_Support/ewl/lib/armv7e-m\libc.a(alloc.o)
 .debug_aranges
                0x00000000       0x40 C:/Freescale/CW MCU v11.1/MCU/ARM_GCC_Support/ewl/lib/armv7e-m\libc.a(alloc.o)
 .debug_line    0x00000000      0x159 C:/Freescale/CW MCU v11.1/MCU/ARM_GCC_Support/ewl/lib/armv7e-m\libc.a(alloc.o)
 .debug_str     0x00000000      0x200 C:/Freescale/CW MCU v11.1/MCU/ARM_GCC_Support/ewl/lib/armv7e-m\libc.a(alloc.o)
 .comment       0x00000000       0x7a C:/Freescale/CW MCU v11.1/MCU/ARM_GCC_Support/ewl/lib/armv7e-m\libc.a(alloc.o)
 .ARM.attributes
                0x00000000       0x33 C:/Freescale/CW MCU v11.1/MCU/ARM_GCC_Support/ewl/lib/armv7e-m\libc.a(alloc.o)
 .debug_frame   0x00000000       0x88 C:/Freescale/CW MCU v11.1/MCU/ARM_GCC_Support/ewl/lib/armv7e-m\libc.a(alloc.o)
 .text          0x00000000        0x0 C:/Freescale/CW MCU v11.1/MCU/ARM_GCC_Support/ewl/lib/armv7e-m\libc.a(strcpy.o)
 .data          0x00000000        0x0 C:/Freescale/CW MCU v11.1/MCU/ARM_GCC_Support/ewl/lib/armv7e-m\libc.a(strcpy.o)
 .bss           0x00000000        0x0 C:/Freescale/CW MCU v11.1/MCU/ARM_GCC_Support/ewl/lib/armv7e-m\libc.a(strcpy.o)
 .text.strcpy   0x00000000        0xe C:/Freescale/CW MCU v11.1/MCU/ARM_GCC_Support/ewl/lib/armv7e-m\libc.a(strcpy.o)
 .debug_info    0x00000000      0x108 C:/Freescale/CW MCU v11.1/MCU/ARM_GCC_Support/ewl/lib/armv7e-m\libc.a(strcpy.o)
 .debug_abbrev  0x00000000       0x78 C:/Freescale/CW MCU v11.1/MCU/ARM_GCC_Support/ewl/lib/armv7e-m\libc.a(strcpy.o)
 .debug_aranges
                0x00000000       0x20 C:/Freescale/CW MCU v11.1/MCU/ARM_GCC_Support/ewl/lib/armv7e-m\libc.a(strcpy.o)
 .debug_line    0x00000000       0x7d C:/Freescale/CW MCU v11.1/MCU/ARM_GCC_Support/ewl/lib/armv7e-m\libc.a(strcpy.o)
 .debug_str     0x00000000      0x142 C:/Freescale/CW MCU v11.1/MCU/ARM_GCC_Support/ewl/lib/armv7e-m\libc.a(strcpy.o)
 .comment       0x00000000       0x7a C:/Freescale/CW MCU v11.1/MCU/ARM_GCC_Support/ewl/lib/armv7e-m\libc.a(strcpy.o)
 .ARM.attributes
                0x00000000       0x33 C:/Freescale/CW MCU v11.1/MCU/ARM_GCC_Support/ewl/lib/armv7e-m\libc.a(strcpy.o)
 .debug_frame   0x00000000       0x20 C:/Freescale/CW MCU v11.1/MCU/ARM_GCC_Support/ewl/lib/armv7e-m\libc.a(strcpy.o)

Memory Configuration

Name             Origin             Length             Attributes
m_interrupts     0x1fff8000         0x000001e0         xr
m_text           0x1fff81e0         0x00007e20         xr
m_data           0x20000000         0x00008000         rw
*default*        0x00000000         0xffffffff

Linker script and memory map

LOAD ./Project_Settings/Startup_Code/kinetis_sysinit.o
LOAD ./Project_Settings/Startup_Code/__arm_start.o
LOAD ./Project_Settings/Startup_Code/__arm_end.o
LOAD ./Sources/main.o
LOAD ./Sources/Fonts_LCD.o
LOAD ./Sources/Driver_SLCD.o
                0x1fff995c                __pformatter = __pformatter_
                [0x1fff9d54]                __sformatter = __sformatter
START GROUP
LOAD C:/Freescale/CW MCU v11.1/MCU/ARM_GCC_Support/ewl/lib/armv7e-m\libc.a
LOAD C:/Freescale/CW MCU v11.1/MCU/ARM_GCC_Support/ewl/lib/armv7e-m\libm.a
LOAD c:/freescale/cw mcu v11.1/cross_tools/arm-none-eabi-gcc-4_7_3/bin/../lib/gcc/arm-none-eabi/4.7.3/armv7e-m\libgcc.a
LOAD C:/Freescale/CW MCU v11.1/MCU/ARM_GCC_Support/ewl/lib/armv7e-m\librt.a
LOAD C:/Freescale/CW MCU v11.1/MCU/ARM_GCC_Support/ewl/lib/armv7e-m\libhosted.a
END GROUP
                0x20008000                _estack = 0x20008000
                0x20008000                __SP_INIT = _estack
                0x00000800                __heap_size = 0x800
                0x00000800                __stack_size = 0x800

.interrupts     0x1fff8000      0x1e0
                0x1fff8000                __vector_table = .
                0x1fff8000                . = ALIGN (0x4)
 *(.vectortable)
 .vectortable   0x1fff8000      0x1e0 ./Project_Settings/Startup_Code/kinetis_sysinit.o
                0x1fff8000                InterruptVector
                0x1fff81e0                . = ALIGN (0x4)

.text           0x1fff81e0     0x31a4
                0x1fff81e0                . = ALIGN (0x4)
 *(.text)
 *(.text*)
 .text.Default_Handler
                0x1fff81e0        0xc ./Project_Settings/Startup_Code/kinetis_sysinit.o
                0x1fff81e0                HardFault_Handler
                0x1fff81e0                SysTick_Handler
                0x1fff81e0                PendSV_Handler
                0x1fff81e0                NMI_Handler
                0x1fff81e0                UsageFault_Handler
                0x1fff81e0                Default_Handler
                0x1fff81e0                MemManage_Handler
                0x1fff81e0                SVC_Handler
                0x1fff81e0                BusFault_Handler
                0x1fff81e0                DebugMonitor_Handler
 .text.__init_hardware
                0x1fff81ec       0x44 ./Project_Settings/Startup_Code/kinetis_sysinit.o
                0x1fff81ec                __init_hardware
 .text.zero_fill_bss
                0x1fff8230       0x2c ./Project_Settings/Startup_Code/__arm_start.o
 .text.__thumb_startup
                0x1fff825c       0x34 ./Project_Settings/Startup_Code/__arm_start.o
                0x1fff825c                __thumb_startup
 .text._ExitProcess
                0x1fff8290       0x10 ./Project_Settings/Startup_Code/__arm_end.o
                0x1fff8290                _ExitProcess
 .text.main     0x1fff82a0       0xbc ./Sources/main.o
                0x1fff82a0                main
 .text.printTimeInLCD
                0x1fff835c      0x1a0 ./Sources/main.o
                0x1fff835c                printTimeInLCD
 .text.pit_isr1
                0x1fff84fc       0x6c ./Sources/main.o
                0x1fff84fc                pit_isr1
 .text.pit_interrupt_config
                0x1fff8568       0xa0 ./Sources/main.o
                0x1fff8568                pit_interrupt_config
 .text.lptmr_isr
                0x1fff8608       0x48 ./Sources/main.o
                0x1fff8608                lptmr_isr
 .text.enable_irq
                0x1fff8650      0x1b0 ./Sources/main.o
                0x1fff8650                enable_irq
 .text.time_delay
                0x1fff8800       0x60 ./Sources/main.o
                0x1fff8800                time_delay
 .text.lptmr_clear_registers
                0x1fff8860       0x34 ./Sources/main.o
                0x1fff8860                lptmr_clear_registers
 .text.lptmr_interrupt
                0x1fff8894       0xc8 ./Sources/main.o
                0x1fff8894                lptmr_interrupt
 .text.pwm_isr  0x1fff895c        0xc ./Sources/main.o
                0x1fff895c                pwm_isr
 .text._SLCDModule_Init
                0x1fff8968      0x460 ./Sources/Driver_SLCD.o
                0x1fff8968                _SLCDModule_Init
 .text._SLCDModule_PrintString
                0x1fff8dc8       0x80 ./Sources/Driver_SLCD.o
                0x1fff8dc8                _SLCDModule_PrintString
 .text._SLCDModule_StringWFRegisters
                0x1fff8e48      0x104 ./Sources/Driver_SLCD.o
                0x1fff8e48                _SLCDModule_StringWFRegisters
 .text._SLCDModule_ClearLCD
                0x1fff8f4c      0x204 ./Sources/Driver_SLCD.o
                0x1fff8f4c                _SLCDModule_ClearLCD
 .text._SLCDModule_WriteWFRegister
                0x1fff9150      0x168 ./Sources/Driver_SLCD.o
                0x1fff9150                _SLCDModule_WriteWFRegister
 .text._SLCDModule_CopyWFRegister
                0x1fff92b8      0x178 ./Sources/Driver_SLCD.o
                0x1fff92b8                _SLCDModule_CopyWFRegister
 .text._SLCDModule_SelectBackPlanePhase
                0x1fff9430      0x144 ./Sources/Driver_SLCD.o
                0x1fff9430                _SLCDModule_SelectBackPlanePhase
 .text.putchar  0x1fff9574       0x28 C:/Freescale/CW MCU v11.1/MCU/ARM_GCC_Support/ewl/lib/armv7e-m\libc.a(putchar.o)
                0x1fff9574                putchar
 .text.puts     0x1fff959c       0x50 C:/Freescale/CW MCU v11.1/MCU/ARM_GCC_Support/ewl/lib/armv7e-m\libc.a(puts.o)
                0x1fff959c                puts
 .text.__put_char
                0x1fff95ec       0x8c C:/Freescale/CW MCU v11.1/MCU/ARM_GCC_Support/ewl/lib/armv7e-m\libc.a(__putchar.o)
                0x1fff95ec                __put_char
 .text.__prep_buffer
                0x1fff9678       0x16 C:/Freescale/CW MCU v11.1/MCU/ARM_GCC_Support/ewl/lib/armv7e-m\libc.a(__buffer_io.o)
                0x1fff9678                __prep_buffer
 .text.__flush_buffer
                0x1fff968e       0x36 C:/Freescale/CW MCU v11.1/MCU/ARM_GCC_Support/ewl/lib/armv7e-m\libc.a(__buffer_io.o)
                0x1fff968e                __flush_buffer
 .text.sprintf  0x1fff96c4       0x1c C:/Freescale/CW MCU v11.1/MCU/ARM_GCC_Support/ewl/lib/armv7e-m\libc.a(sprintf.o)
                0x1fff96c4                sprintf
 .text.printf   0x1fff96e0       0x2c C:/Freescale/CW MCU v11.1/MCU/ARM_GCC_Support/ewl/lib/armv7e-m\libc.a(printf.o)
                0x1fff96e0                printf
 .text.exit     0x1fff970c       0x38 C:/Freescale/CW MCU v11.1/MCU/ARM_GCC_Support/ewl/lib/armv7e-m\libc.a(exit.o)
                0x1fff970c                exit
 .text.memset   0x1fff9744        0xc C:/Freescale/CW MCU v11.1/MCU/ARM_GCC_Support/ewl/lib/armv7e-m\libc.a(memset.o)
                0x1fff9744                memset
 .text.__fill_mem
                0x1fff9750       0x76 C:/Freescale/CW MCU v11.1/MCU/ARM_GCC_Support/ewl/lib/armv7e-m\libc.a(__filll_mem.o)
                0x1fff9750                __fill_mem
 .text.long2str.isra.0
                0x1fff97c6      0x196 C:/Freescale/CW MCU v11.1/MCU/ARM_GCC_Support/ewl/lib/armv7e-m\libc.a(printformat_.o)
 .text.__pformatter_
                0x1fff995c      0x3f8 C:/Freescale/CW MCU v11.1/MCU/ARM_GCC_Support/ewl/lib/armv7e-m\libc.a(printformat_.o)
                0x1fff995c                __pformatter_
 .text.__sformatter
                0x1fff9d54      0x6f4 C:/Freescale/CW MCU v11.1/MCU/ARM_GCC_Support/ewl/lib/armv7e-m\libc.a(scanformat_.o)
                0x1fff9d54                __sformatter
 .text.isalpha  0x1fffa448       0x1c C:/Freescale/CW MCU v11.1/MCU/ARM_GCC_Support/ewl/lib/armv7e-m\libc.a(ctype_aeabi.o)
                0x1fffa448                isalpha
 .text.isspace  0x1fffa464       0x1c C:/Freescale/CW MCU v11.1/MCU/ARM_GCC_Support/ewl/lib/armv7e-m\libc.a(ctype_aeabi.o)
                0x1fffa464                isspace
 .text.toupper  0x1fffa480        0xc C:/Freescale/CW MCU v11.1/MCU/ARM_GCC_Support/ewl/lib/armv7e-m\libc.a(ctype_aeabi.o)
                0x1fffa480                toupper
 .text.__StringWrite
                0x1fffa48c       0x2a C:/Freescale/CW MCU v11.1/MCU/ARM_GCC_Support/ewl/lib/armv7e-m\libc.a(vsnprintf.o)
                0x1fffa48c                __StringWrite
 *fill*         0x1fffa4b6        0x2 00
 .text.vsnprintf
                0x1fffa4b8       0x34 C:/Freescale/CW MCU v11.1/MCU/ARM_GCC_Support/ewl/lib/armv7e-m\libc.a(vsnprintf.o)
                0x1fffa4b8                vsnprintf
 .text.__fwrite
                0x1fffa4ec      0x158 C:/Freescale/CW MCU v11.1/MCU/ARM_GCC_Support/ewl/lib/armv7e-m\libc.a(fwrite.o)
                0x1fffa4ec                __fwrite
 .text.__FileWrite
                0x1fffa644       0x1a C:/Freescale/CW MCU v11.1/MCU/ARM_GCC_Support/ewl/lib/armv7e-m\libc.a(fwrite.o)
                0x1fffa644                __FileWrite
 *fill*         0x1fffa65e        0x2 00
 .text.__strtoul
                0x1fffa660      0x214 C:/Freescale/CW MCU v11.1/MCU/ARM_GCC_Support/ewl/lib/armv7e-m\libc.a(__strtoul.o)
                0x1fffa660                __strtoul
 .text.strchr   0x1fffa874       0x1a C:/Freescale/CW MCU v11.1/MCU/ARM_GCC_Support/ewl/lib/armv7e-m\libc.a(strchr.o)
                0x1fffa874                strchr
 .text.memcpy   0x1fffa88e       0x12 C:/Freescale/CW MCU v11.1/MCU/ARM_GCC_Support/ewl/lib/armv7e-m\libc.a(memcpy.o)
                0x1fffa88e                memcpy
 .text.strlen   0x1fffa8a0       0x10 C:/Freescale/CW MCU v11.1/MCU/ARM_GCC_Support/ewl/lib/armv7e-m\libc.a(strlen.o)
                0x1fffa8a0                strlen
 .text.__memrchr
                0x1fffa8b0       0x1c C:/Freescale/CW MCU v11.1/MCU/ARM_GCC_Support/ewl/lib/armv7e-m\libc.a(__memrchr.o)
                0x1fffa8b0                __memrchr
 .text.memchr   0x1fffa8cc       0x18 C:/Freescale/CW MCU v11.1/MCU/ARM_GCC_Support/ewl/lib/armv7e-m\libc.a(memchr.o)
                0x1fffa8cc                memchr
 .text.__init_cpp
                0x1fffa8e4       0x4c C:/Freescale/CW MCU v11.1/MCU/ARM_GCC_Support/ewl/lib/armv7e-m\librt.a(gcc_ctor_dtor.o)
                0x1fffa8e4                __init_cpp
 .text.__fini_cpp
                0x1fffa930       0x34 C:/Freescale/CW MCU v11.1/MCU/ARM_GCC_Support/ewl/lib/armv7e-m\librt.a(gcc_ctor_dtor.o)
                0x1fffa930                __fini_cpp
 .text.__destroy_global_chain
                0x1fffa964       0x18 C:/Freescale/CW MCU v11.1/MCU/ARM_GCC_Support/ewl/lib/armv7e-m\librt.a(__arm_eabi_init.o)
                0x1fffa964                __destroy_global_chain
 .text.__init_registers
                0x1fffa97c       0x24 C:/Freescale/CW MCU v11.1/MCU/ARM_GCC_Support/ewl/lib/armv7e-m\librt.a(__arm_eabi_init.o)
                0x1fffa97c                __init_registers
 .text.__init_user
                0x1fffa9a0        0x4 C:/Freescale/CW MCU v11.1/MCU/ARM_GCC_Support/ewl/lib/armv7e-m\librt.a(__arm_eabi_init.o)
                0x1fffa9a0                __init_user
 .text.__copy_rom_section
                0x1fffa9a4       0x44 C:/Freescale/CW MCU v11.1/MCU/ARM_GCC_Support/ewl/lib/armv7e-m\librt.a(ROMCopy.o)
                0x1fffa9a4                __copy_rom_section
 .text.__copy_rom_sections_to_ram
                0x1fffa9e8       0x30 C:/Freescale/CW MCU v11.1/MCU/ARM_GCC_Support/ewl/lib/armv7e-m\librt.a(ROMCopy.o)
                0x1fffa9e8                __copy_rom_sections_to_ram
 .text.sys_writec
                0x1fffaa18        0xe C:/Freescale/CW MCU v11.1/MCU/ARM_GCC_Support/ewl/lib/armv7e-m\libhosted.a(semihosted_console_io.o)
                0x1fffaa18                sys_writec
 .text.sys_readc
                0x1fffaa26       0x10 C:/Freescale/CW MCU v11.1/MCU/ARM_GCC_Support/ewl/lib/armv7e-m\libhosted.a(semihosted_console_io.o)
                0x1fffaa26                sys_readc
 *fill*         0x1fffaa36        0x2 00
 .text.sys_exit
                0x1fffaa38       0x20 C:/Freescale/CW MCU v11.1/MCU/ARM_GCC_Support/ewl/lib/armv7e-m\libhosted.a(semihosted_console_io.o)
                0x1fffaa38                sys_exit
 .text.__read_console
                0x1fffaa58       0x1a C:/Freescale/CW MCU v11.1/MCU/ARM_GCC_Support/ewl/lib/armv7e-m\libhosted.a(semihosted_console_io.o)
                0x1fffaa58                __read_console
 .text.__write_console
                0x1fffaa72       0x1a C:/Freescale/CW MCU v11.1/MCU/ARM_GCC_Support/ewl/lib/armv7e-m\libhosted.a(semihosted_console_io.o)
                0x1fffaa72                __write_console
 .text.__close_console
                0x1fffaa8c        0x4 C:/Freescale/CW MCU v11.1/MCU/ARM_GCC_Support/ewl/lib/armv7e-m\libhosted.a(semihosted_console_io.o)
                0x1fffaa8c                __close_console
 .text.sys_open
                0x1fffaa90        0xe C:/Freescale/CW MCU v11.1/MCU/ARM_GCC_Support/ewl/lib/armv7e-m\libhosted.a(semihosted_file_io.o)
                0x1fffaa90                sys_open
 *fill*         0x1fffaa9e        0x2 00
 .text.__open_file
                0x1fffaaa0       0x68 C:/Freescale/CW MCU v11.1/MCU/ARM_GCC_Support/ewl/lib/armv7e-m\libhosted.a(semihosted_file_io.o)
                0x1fffaaa0                __open_file
 .text.open     0x1fffab08       0x7a C:/Freescale/CW MCU v11.1/MCU/ARM_GCC_Support/ewl/lib/armv7e-m\libhosted.a(semihosted_file_io.o)
                0x1fffab08                open
 .text.sys_write
                0x1fffab82        0xe C:/Freescale/CW MCU v11.1/MCU/ARM_GCC_Support/ewl/lib/armv7e-m\libhosted.a(semihosted_file_io.o)
                0x1fffab82                sys_write
 .text.__write_file
                0x1fffab90       0x1c C:/Freescale/CW MCU v11.1/MCU/ARM_GCC_Support/ewl/lib/armv7e-m\libhosted.a(semihosted_file_io.o)
                0x1fffab90                __write_file
 .text.sys_read
                0x1fffabac        0xe C:/Freescale/CW MCU v11.1/MCU/ARM_GCC_Support/ewl/lib/armv7e-m\libhosted.a(semihosted_file_io.o)
                0x1fffabac                sys_read
 .text.__read_file
                0x1fffabba       0x34 C:/Freescale/CW MCU v11.1/MCU/ARM_GCC_Support/ewl/lib/armv7e-m\libhosted.a(semihosted_file_io.o)
                0x1fffabba                __read_file
 *fill*         0x1fffabee        0x2 00
 .text.__init_semihost
                0x1fffabf0       0x20 C:/Freescale/CW MCU v11.1/MCU/ARM_GCC_Support/ewl/lib/armv7e-m\libhosted.a(semihosted_file_io.o)
                0x1fffabf0                __init_semihost
 *(.rodata)
 .rodata        0x1fffac10       0x94 ./Sources/main.o
 *(.rodata*)
 .rodata._0     0x1fffaca4       0x24 ./Sources/Fonts_LCD.o
                0x1fffaca4                _0
 .rodata._1     0x1fffacc8       0x24 ./Sources/Fonts_LCD.o
                0x1fffacc8                _1
 .rodata._2     0x1fffacec       0x24 ./Sources/Fonts_LCD.o
                0x1fffacec                _2
 .rodata._3     0x1fffad10       0x24 ./Sources/Fonts_LCD.o
                0x1fffad10                _3
 .rodata._4     0x1fffad34       0x24 ./Sources/Fonts_LCD.o
                0x1fffad34                _4
 .rodata._5     0x1fffad58       0x24 ./Sources/Fonts_LCD.o
                0x1fffad58                _5
 .rodata._6     0x1fffad7c       0x24 ./Sources/Fonts_LCD.o
                0x1fffad7c                _6
 .rodata._7     0x1fffada0       0x24 ./Sources/Fonts_LCD.o
                0x1fffada0                _7
 .rodata._8     0x1fffadc4       0x24 ./Sources/Fonts_LCD.o
                0x1fffadc4                _8
 .rodata._9     0x1fffade8       0x24 ./Sources/Fonts_LCD.o
                0x1fffade8                _9
 .rodata._A     0x1fffae0c       0x24 ./Sources/Fonts_LCD.o
                0x1fffae0c                _A
 .rodata._B     0x1fffae30       0x24 ./Sources/Fonts_LCD.o
                0x1fffae30                _B
 .rodata._C     0x1fffae54       0x24 ./Sources/Fonts_LCD.o
                0x1fffae54                _C
 .rodata._D     0x1fffae78       0x24 ./Sources/Fonts_LCD.o
                0x1fffae78                _D
 .rodata._E     0x1fffae9c       0x24 ./Sources/Fonts_LCD.o
                0x1fffae9c                _E
 .rodata._F     0x1fffaec0       0x24 ./Sources/Fonts_LCD.o
                0x1fffaec0                _F
 .rodata._G     0x1fffaee4       0x24 ./Sources/Fonts_LCD.o
                0x1fffaee4                _G
 .rodata._H     0x1fffaf08       0x24 ./Sources/Fonts_LCD.o
                0x1fffaf08                _H
 .rodata._I     0x1fffaf2c       0x24 ./Sources/Fonts_LCD.o
                0x1fffaf2c                _I
 .rodata._J     0x1fffaf50       0x24 ./Sources/Fonts_LCD.o
                0x1fffaf50                _J
 .rodata._K     0x1fffaf74       0x24 ./Sources/Fonts_LCD.o
                0x1fffaf74                _K
 .rodata._L     0x1fffaf98       0x24 ./Sources/Fonts_LCD.o
                0x1fffaf98                _L
 .rodata._M     0x1fffafbc       0x24 ./Sources/Fonts_LCD.o
                0x1fffafbc                _M
 .rodata._N     0x1fffafe0       0x24 ./Sources/Fonts_LCD.o
                0x1fffafe0                _N
 .rodata._O     0x1fffb004       0x24 ./Sources/Fonts_LCD.o
                0x1fffb004                _O
 .rodata._P     0x1fffb028       0x24 ./Sources/Fonts_LCD.o
                0x1fffb028                _P
 .rodata._Q     0x1fffb04c       0x24 ./Sources/Fonts_LCD.o
                0x1fffb04c                _Q
 .rodata._R     0x1fffb070       0x24 ./Sources/Fonts_LCD.o
                0x1fffb070                _R
 .rodata._S     0x1fffb094       0x24 ./Sources/Fonts_LCD.o
                0x1fffb094                _S
 .rodata._T     0x1fffb0b8       0x24 ./Sources/Fonts_LCD.o
                0x1fffb0b8                _T
 .rodata._U     0x1fffb0dc       0x24 ./Sources/Fonts_LCD.o
                0x1fffb0dc                _U
 .rodata._V     0x1fffb100       0x24 ./Sources/Fonts_LCD.o
                0x1fffb100                _V
 .rodata._W     0x1fffb124       0x24 ./Sources/Fonts_LCD.o
                0x1fffb124                _W
 .rodata._X     0x1fffb148       0x24 ./Sources/Fonts_LCD.o
                0x1fffb148                _X
 .rodata._Y     0x1fffb16c       0x24 ./Sources/Fonts_LCD.o
                0x1fffb16c                _Y
 .rodata._Z     0x1fffb190       0x24 ./Sources/Fonts_LCD.o
                0x1fffb190                _Z
 .rodata._Exclamation
                0x1fffb1b4       0x24 ./Sources/Fonts_LCD.o
                0x1fffb1b4                _Exclamation
 .rodata._Dot   0x1fffb1d8       0x24 ./Sources/Fonts_LCD.o
                0x1fffb1d8                _Dot
 .rodata._Colon
                0x1fffb1fc       0x24 ./Sources/Fonts_LCD.o
                0x1fffb1fc                _Colon
 .rodata._SPACE
                0x1fffb220       0x24 ./Sources/Fonts_LCD.o
                0x1fffb220                _SPACE
 .rodata.WaveFormShiftRegisterTable
                0x1fffb244       0x28 ./Sources/Driver_SLCD.o
                0x1fffb244                WaveFormShiftRegisterTable
 .rodata.str1.1
                0x00000000        0x0 C:/Freescale/CW MCU v11.1/MCU/ARM_GCC_Support/ewl/lib/armv7e-m\libc.a(printformat_.o)
                                  0x1 (size before relaxing)
 .rodata.CSWTCH.20
                0x1fffb26c        0x5 C:/Freescale/CW MCU v11.1/MCU/ARM_GCC_Support/ewl/lib/armv7e-m\libc.a(printformat_.o)
 .rodata.CSWTCH.21
                0x1fffb271        0x5 C:/Freescale/CW MCU v11.1/MCU/ARM_GCC_Support/ewl/lib/armv7e-m\libc.a(printformat_.o)
 .rodata.__aeabi_ctype_table_C
                0x1fffb276      0x101 C:/Freescale/CW MCU v11.1/MCU/ARM_GCC_Support/ewl/lib/armv7e-m\libc.a(ctype_aeabi.o)
                0x1fffb276                __aeabi_ctype_table_C
 .rodata.str1.1
                0x1fffb377        0x4 C:/Freescale/CW MCU v11.1/MCU/ARM_GCC_Support/ewl/lib/armv7e-m\libhosted.a(semihosted_file_io.o)
 .rodata.CSWTCH.26
                0x1fffb37b        0x2 C:/Freescale/CW MCU v11.1/MCU/ARM_GCC_Support/ewl/lib/armv7e-m\libhosted.a(semihosted_file_io.o)
 .rodata.CSWTCH.28
                0x1fffb37d        0x5 C:/Freescale/CW MCU v11.1/MCU/ARM_GCC_Support/ewl/lib/armv7e-m\libhosted.a(semihosted_file_io.o)
 *(.glue_7)
 .glue_7        0x00000000        0x0 linker stubs
 *(.glue_7t)
 .glue_7t       0x00000000        0x0 linker stubs
 *(.eh_frame)
 *(.init)
 *(.fini)
                0x1fffb384                . = ALIGN (0x4)
 *fill*         0x1fffb382        0x2 00
                0x1fffb384                _etext = .

.vfp11_veneer   0x1fffb384        0x0
 .vfp11_veneer  0x00000000        0x0 linker stubs

.v4_bx          0x1fffb384        0x0
 .v4_bx         0x00000000        0x0 linker stubs

.iplt           0x1fffb384        0x0
 .iplt          0x00000000        0x0 ./Project_Settings/Startup_Code/kinetis_sysinit.o

.rel.dyn        0x1fffb384        0x0
 .rel.iplt      0x00000000        0x0 ./Project_Settings/Startup_Code/kinetis_sysinit.o

.ARM.extab
 *(.ARM.extab* .gnu.linkonce.armextab.*)

.ARM            0x1fffb384        0x0
                0x1fffb384                __exidx_start = .
 *(.ARM.exidx*)
                0x1fffb384                __exidx_end = .

.ctors          0x1fffb384        0x0
                0x1fffb384                __CTOR_LIST__ = .
 *crtbegin.o(.ctors)
 *(EXCLUDE_FILE(*crtend.o) .ctors)
 *(SORT(.ctors.*))
 *(.ctors)
                0x1fffb384                __CTOR_END__ = .

.dtors          0x1fffb384        0x0
                0x1fffb384                __DTOR_LIST__ = .
 *crtbegin.o(.dtors)
 *(EXCLUDE_FILE(*crtend.o) .dtors)
 *(SORT(.dtors.*))
 *(.dtors)
                0x1fffb384                __DTOR_END__ = .

.preinit_array  0x1fffb384        0x0
                0x1fffb384                PROVIDE (__preinit_array_start, .)
 *(.preinit_array*)
                0x1fffb384                PROVIDE (__preinit_array_end, .)

.init_array     0x1fffb384        0x0
                0x1fffb384                PROVIDE (__init_array_start, .)
 *(SORT(.init_array.*))
 *(.init_array*)
                0x1fffb384                PROVIDE (__init_array_end, .)

.fini_array     0x1fffb384        0x0
                0x1fffb384                PROVIDE (__fini_array_start, .)
 *(SORT(.fini_array.*))
 *(.fini_array*)
                0x1fffb384                PROVIDE (__fini_array_end, .)

.data           0x20000000      0x250
                0x20000000                . = ALIGN (0x4)
                0x20000000                _sdata = .
 *(.data)
 *(.data*)
 .data.Fonts    0x20000000      0x180 ./Sources/Fonts_LCD.o
                0x20000000                Fonts
 .data.CurrentBackPlanePhase.5970
                0x20000180        0x1 ./Sources/Driver_SLCD.o
 *fill*         0x20000181        0x3 00
 .data.__files  0x20000184       0xcc C:/Freescale/CW MCU v11.1/MCU/ARM_GCC_Support/ewl/lib/armv7e-m\libc.a(ansi_files.o)
                0x20000184                __files
                0x20000250                . = ALIGN (0x4)
                0x20000250                _edata = .

.igot.plt       0x20000250        0x0
 .igot.plt      0x00000000        0x0 ./Project_Settings/Startup_Code/kinetis_sysinit.o
                0x20000250                . = ALIGN (0x4)

.bss            0x20000250      0x280
                0x20000250                __START_BSS = .
                0x20000250                PROVIDE (__bss_start__, __START_BSS)
 *(.bss)
 *(.bss*)
 .bss.argv      0x20000250        0x4 ./Project_Settings/Startup_Code/__arm_start.o
 .bss.PIT_INTERRUPT
                0x20000254        0x2 ./Sources/main.o
                0x20000254                PIT_INTERRUPT
 .bss.LPTMR_INTERRUPT
                0x20000256        0x2 ./Sources/main.o
                0x20000256                LPTMR_INTERRUPT
 .bss.seconds   0x20000258        0x4 ./Sources/main.o
                0x20000258                seconds
 .bss.minutes   0x2000025c        0x4 ./Sources/main.o
                0x2000025c                minutes
 .bss.hours     0x20000260        0x4 ./Sources/main.o
                0x20000260                hours
 .bss.counter_1ms
                0x20000264        0x4 ./Sources/main.o
                0x20000264                counter_1ms
 .bss.__stdio_exit
                0x20000268        0x4 C:/Freescale/CW MCU v11.1/MCU/ARM_GCC_Support/ewl/lib/armv7e-m\libc.a(exit.o)
                0x20000268                __stdio_exit
 .bss.__console_exit
                0x2000026c        0x4 C:/Freescale/CW MCU v11.1/MCU/ARM_GCC_Support/ewl/lib/armv7e-m\libc.a(exit.o)
                0x2000026c                __console_exit
 .bss.__global_destructor_chain
                0x20000270        0x4 C:/Freescale/CW MCU v11.1/MCU/ARM_GCC_Support/ewl/lib/armv7e-m\librt.a(__arm_eabi_init.o)
                0x20000270                __global_destructor_chain
 .bss.__S_romp  0x20000274        0xc C:/Freescale/CW MCU v11.1/MCU/ARM_GCC_Support/ewl/lib/armv7e-m\librt.a(ROMCopy.o)
 *(COMMON)
 COMMON         0x20000280      0x190 ./Sources/main.o
                0x20000280                array_ms
 COMMON         0x20000410       0xc0 C:/Freescale/CW MCU v11.1/MCU/ARM_GCC_Support/ewl/lib/armv7e-m\libc.a(ansi_files.o)
                0x20000410                stdout_buff
                0x20000450                stdin_buff
                0x20000490                stderr_buff
                0x200004d0                . = ALIGN (0x4)
                0x200004d0                __END_BSS = .
                0x200004d0                PROVIDE (__bss_end__, __END_BSS)

._user_heap_stack
                0x200004d0     0x1000
                0x200004d0                . = ALIGN (0x4)
                0x200004d0                PROVIDE (end, .)
                0x200004d0                PROVIDE (_end, .)
                0x200004d0                __heap_addr = .
                0x20000cd0                . = (. + __heap_size)
 *fill*         0x200004d0      0x800 00
                0x200014d0                . = (. + __stack_size)
 *fill*         0x20000cd0      0x800 00
                0x200014d0                . = ALIGN (0x4)
                0x00000000                __S_romp = 0x0

.ARM.attributes
                0x00000000       0x33
 *(.ARM.attributes)
 .ARM.attributes
                0x00000000       0x33 ./Project_Settings/Startup_Code/kinetis_sysinit.o
 .ARM.attributes
                0x00000033       0x33 ./Project_Settings/Startup_Code/__arm_start.o
 .ARM.attributes
                0x00000066       0x33 ./Project_Settings/Startup_Code/__arm_end.o
 .ARM.attributes
                0x00000099       0x33 ./Sources/main.o
 .ARM.attributes
                0x000000cc       0x33 ./Sources/Fonts_LCD.o
 .ARM.attributes
                0x000000ff       0x33 ./Sources/Driver_SLCD.o
 .ARM.attributes
                0x00000132       0x33 C:/Freescale/CW MCU v11.1/MCU/ARM_GCC_Support/ewl/lib/armv7e-m\libc.a(putchar.o)
 .ARM.attributes
                0x00000165       0x33 C:/Freescale/CW MCU v11.1/MCU/ARM_GCC_Support/ewl/lib/armv7e-m\libc.a(ansi_files.o)
 .ARM.attributes
                0x00000198       0x33 C:/Freescale/CW MCU v11.1/MCU/ARM_GCC_Support/ewl/lib/armv7e-m\libc.a(puts.o)
 .ARM.attributes
                0x000001cb       0x33 C:/Freescale/CW MCU v11.1/MCU/ARM_GCC_Support/ewl/lib/armv7e-m\libc.a(__putchar.o)
 .ARM.attributes
                0x000001fe       0x33 C:/Freescale/CW MCU v11.1/MCU/ARM_GCC_Support/ewl/lib/armv7e-m\libc.a(__buffer_io.o)
 .ARM.attributes
                0x00000231       0x33 C:/Freescale/CW MCU v11.1/MCU/ARM_GCC_Support/ewl/lib/armv7e-m\libc.a(sprintf.o)
 .ARM.attributes
                0x00000264       0x33 C:/Freescale/CW MCU v11.1/MCU/ARM_GCC_Support/ewl/lib/armv7e-m\libc.a(printf.o)
 .ARM.attributes
                0x00000297       0x33 C:/Freescale/CW MCU v11.1/MCU/ARM_GCC_Support/ewl/lib/armv7e-m\libc.a(exit.o)
 .ARM.attributes
                0x000002ca       0x33 C:/Freescale/CW MCU v11.1/MCU/ARM_GCC_Support/ewl/lib/armv7e-m\libc.a(memset.o)
 .ARM.attributes
                0x000002fd       0x33 C:/Freescale/CW MCU v11.1/MCU/ARM_GCC_Support/ewl/lib/armv7e-m\libc.a(__filll_mem.o)
 .ARM.attributes
                0x00000330       0x33 C:/Freescale/CW MCU v11.1/MCU/ARM_GCC_Support/ewl/lib/armv7e-m\libc.a(printformat_.o)
 .ARM.attributes
                0x00000363       0x33 C:/Freescale/CW MCU v11.1/MCU/ARM_GCC_Support/ewl/lib/armv7e-m\libc.a(scanformat_.o)
 .ARM.attributes
                0x00000396       0x33 C:/Freescale/CW MCU v11.1/MCU/ARM_GCC_Support/ewl/lib/armv7e-m\libc.a(ctype_aeabi.o)
 .ARM.attributes
                0x000003c9       0x33 C:/Freescale/CW MCU v11.1/MCU/ARM_GCC_Support/ewl/lib/armv7e-m\libc.a(vsnprintf.o)
 .ARM.attributes
                0x000003fc       0x33 C:/Freescale/CW MCU v11.1/MCU/ARM_GCC_Support/ewl/lib/armv7e-m\libc.a(fwrite.o)
 .ARM.attributes
                0x0000042f       0x33 C:/Freescale/CW MCU v11.1/MCU/ARM_GCC_Support/ewl/lib/armv7e-m\libc.a(__strtoul.o)
 .ARM.attributes
                0x00000462       0x33 C:/Freescale/CW MCU v11.1/MCU/ARM_GCC_Support/ewl/lib/armv7e-m\libc.a(strchr.o)
 .ARM.attributes
                0x00000495       0x33 C:/Freescale/CW MCU v11.1/MCU/ARM_GCC_Support/ewl/lib/armv7e-m\libc.a(memcpy.o)
 .ARM.attributes
                0x000004c8       0x33 C:/Freescale/CW MCU v11.1/MCU/ARM_GCC_Support/ewl/lib/armv7e-m\libc.a(strlen.o)
 .ARM.attributes
                0x000004fb       0x33 C:/Freescale/CW MCU v11.1/MCU/ARM_GCC_Support/ewl/lib/armv7e-m\libc.a(__memrchr.o)
 .ARM.attributes
                0x0000052e       0x33 C:/Freescale/CW MCU v11.1/MCU/ARM_GCC_Support/ewl/lib/armv7e-m\libc.a(memchr.o)
 .ARM.attributes
                0x00000561       0x33 C:/Freescale/CW MCU v11.1/MCU/ARM_GCC_Support/ewl/lib/armv7e-m\librt.a(gcc_ctor_dtor.o)
 .ARM.attributes
                0x00000594       0x33 C:/Freescale/CW MCU v11.1/MCU/ARM_GCC_Support/ewl/lib/armv7e-m\librt.a(__arm_eabi_init.o)
 .ARM.attributes
                0x000005c7       0x33 C:/Freescale/CW MCU v11.1/MCU/ARM_GCC_Support/ewl/lib/armv7e-m\librt.a(ROMCopy.o)
 .ARM.attributes
                0x000005fa       0x33 C:/Freescale/CW MCU v11.1/MCU/ARM_GCC_Support/ewl/lib/armv7e-m\libhosted.a(semihosted_console_io.o)
 .ARM.attributes
                0x0000062d       0x33 C:/Freescale/CW MCU v11.1/MCU/ARM_GCC_Support/ewl/lib/armv7e-m\libhosted.a(semihosted_file_io.o)
OUTPUT(Pract2.elf elf32-littlearm)

.debug_info     0x00000000     0x7219
 .debug_info    0x00000000      0x365 ./Project_Settings/Startup_Code/kinetis_sysinit.o
 .debug_info    0x00000365      0x12a ./Project_Settings/Startup_Code/__arm_start.o
 .debug_info    0x0000048f       0x54 ./Project_Settings/Startup_Code/__arm_end.o
 .debug_info    0x000004e3      0xb21 ./Sources/main.o
 .debug_info    0x00001004      0x434 ./Sources/Fonts_LCD.o
 .debug_info    0x00001438     0x116a ./Sources/Driver_SLCD.o
 .debug_info    0x000025a2      0x359 C:/Freescale/CW MCU v11.1/MCU/ARM_GCC_Support/ewl/lib/armv7e-m\libc.a(putchar.o)
 .debug_info    0x000028fb      0x4c6 C:/Freescale/CW MCU v11.1/MCU/ARM_GCC_Support/ewl/lib/armv7e-m\libc.a(ansi_files.o)
 .debug_info    0x00002dc1      0x38a C:/Freescale/CW MCU v11.1/MCU/ARM_GCC_Support/ewl/lib/armv7e-m\libc.a(puts.o)
 .debug_info    0x0000314b      0x3fa C:/Freescale/CW MCU v11.1/MCU/ARM_GCC_Support/ewl/lib/armv7e-m\libc.a(__putchar.o)
 .debug_info    0x00003545      0x45d C:/Freescale/CW MCU v11.1/MCU/ARM_GCC_Support/ewl/lib/armv7e-m\libc.a(__buffer_io.o)
 .debug_info    0x000039a2      0x11e C:/Freescale/CW MCU v11.1/MCU/ARM_GCC_Support/ewl/lib/armv7e-m\libc.a(sprintf.o)
 .debug_info    0x00003ac0      0x399 C:/Freescale/CW MCU v11.1/MCU/ARM_GCC_Support/ewl/lib/armv7e-m\libc.a(printf.o)
 .debug_info    0x00003e59       0xe8 C:/Freescale/CW MCU v11.1/MCU/ARM_GCC_Support/ewl/lib/armv7e-m\libc.a(exit.o)
 .debug_info    0x00003f41       0xec C:/Freescale/CW MCU v11.1/MCU/ARM_GCC_Support/ewl/lib/armv7e-m\libc.a(memset.o)
 .debug_info    0x0000402d      0x135 C:/Freescale/CW MCU v11.1/MCU/ARM_GCC_Support/ewl/lib/armv7e-m\libc.a(__filll_mem.o)
 .debug_info    0x00004162      0x50e C:/Freescale/CW MCU v11.1/MCU/ARM_GCC_Support/ewl/lib/armv7e-m\libc.a(printformat_.o)
 .debug_info    0x00004670      0x565 C:/Freescale/CW MCU v11.1/MCU/ARM_GCC_Support/ewl/lib/armv7e-m\libc.a(scanformat_.o)
 .debug_info    0x00004bd5      0x306 C:/Freescale/CW MCU v11.1/MCU/ARM_GCC_Support/ewl/lib/armv7e-m\libc.a(ctype_aeabi.o)
 .debug_info    0x00004edb      0x205 C:/Freescale/CW MCU v11.1/MCU/ARM_GCC_Support/ewl/lib/armv7e-m\libc.a(vsnprintf.o)
 .debug_info    0x000050e0      0x60a C:/Freescale/CW MCU v11.1/MCU/ARM_GCC_Support/ewl/lib/armv7e-m\libc.a(fwrite.o)
 .debug_info    0x000056ea      0x1d6 C:/Freescale/CW MCU v11.1/MCU/ARM_GCC_Support/ewl/lib/armv7e-m\libc.a(__strtoul.o)
 .debug_info    0x000058c0      0x108 C:/Freescale/CW MCU v11.1/MCU/ARM_GCC_Support/ewl/lib/armv7e-m\libc.a(strchr.o)
 .debug_info    0x000059c8      0x10f C:/Freescale/CW MCU v11.1/MCU/ARM_GCC_Support/ewl/lib/armv7e-m\libc.a(memcpy.o)
 .debug_info    0x00005ad7       0xeb C:/Freescale/CW MCU v11.1/MCU/ARM_GCC_Support/ewl/lib/armv7e-m\libc.a(strlen.o)
 .debug_info    0x00005bc2      0x116 C:/Freescale/CW MCU v11.1/MCU/ARM_GCC_Support/ewl/lib/armv7e-m\libc.a(__memrchr.o)
 .debug_info    0x00005cd8      0x120 C:/Freescale/CW MCU v11.1/MCU/ARM_GCC_Support/ewl/lib/armv7e-m\libc.a(memchr.o)
 .debug_info    0x00005df8      0x136 C:/Freescale/CW MCU v11.1/MCU/ARM_GCC_Support/ewl/lib/armv7e-m\librt.a(gcc_ctor_dtor.o)
 .debug_info    0x00005f2e      0x2b5 C:/Freescale/CW MCU v11.1/MCU/ARM_GCC_Support/ewl/lib/armv7e-m\librt.a(__arm_eabi_init.o)
 .debug_info    0x000061e3      0x19a C:/Freescale/CW MCU v11.1/MCU/ARM_GCC_Support/ewl/lib/armv7e-m\librt.a(ROMCopy.o)
 .debug_info    0x0000637d      0x232 C:/Freescale/CW MCU v11.1/MCU/ARM_GCC_Support/ewl/lib/armv7e-m\libhosted.a(semihosted_console_io.o)
 .debug_info    0x000065af      0xc6a C:/Freescale/CW MCU v11.1/MCU/ARM_GCC_Support/ewl/lib/armv7e-m\libhosted.a(semihosted_file_io.o)

.debug_abbrev   0x00000000     0x1fbe
 .debug_abbrev  0x00000000       0xf6 ./Project_Settings/Startup_Code/kinetis_sysinit.o
 .debug_abbrev  0x000000f6       0x92 ./Project_Settings/Startup_Code/__arm_start.o
 .debug_abbrev  0x00000188       0x4c ./Project_Settings/Startup_Code/__arm_end.o
 .debug_abbrev  0x000001d4      0x1a1 ./Sources/main.o
 .debug_abbrev  0x00000375       0x7f ./Sources/Fonts_LCD.o
 .debug_abbrev  0x000003f4      0x1fe ./Sources/Driver_SLCD.o
 .debug_abbrev  0x000005f2       0xe7 C:/Freescale/CW MCU v11.1/MCU/ARM_GCC_Support/ewl/lib/armv7e-m\libc.a(putchar.o)
 .debug_abbrev  0x000006d9       0xfa C:/Freescale/CW MCU v11.1/MCU/ARM_GCC_Support/ewl/lib/armv7e-m\libc.a(ansi_files.o)
 .debug_abbrev  0x000007d3      0x10a C:/Freescale/CW MCU v11.1/MCU/ARM_GCC_Support/ewl/lib/armv7e-m\libc.a(puts.o)
 .debug_abbrev  0x000008dd       0xf8 C:/Freescale/CW MCU v11.1/MCU/ARM_GCC_Support/ewl/lib/armv7e-m\libc.a(__putchar.o)
 .debug_abbrev  0x000009d5      0x142 C:/Freescale/CW MCU v11.1/MCU/ARM_GCC_Support/ewl/lib/armv7e-m\libc.a(__buffer_io.o)
 .debug_abbrev  0x00000b17       0xb1 C:/Freescale/CW MCU v11.1/MCU/ARM_GCC_Support/ewl/lib/armv7e-m\libc.a(sprintf.o)
 .debug_abbrev  0x00000bc8      0x107 C:/Freescale/CW MCU v11.1/MCU/ARM_GCC_Support/ewl/lib/armv7e-m\libc.a(printf.o)
 .debug_abbrev  0x00000ccf       0x7a C:/Freescale/CW MCU v11.1/MCU/ARM_GCC_Support/ewl/lib/armv7e-m\libc.a(exit.o)
 .debug_abbrev  0x00000d49       0x62 C:/Freescale/CW MCU v11.1/MCU/ARM_GCC_Support/ewl/lib/armv7e-m\libc.a(memset.o)
 .debug_abbrev  0x00000dab       0x87 C:/Freescale/CW MCU v11.1/MCU/ARM_GCC_Support/ewl/lib/armv7e-m\libc.a(__filll_mem.o)
 .debug_abbrev  0x00000e32      0x200 C:/Freescale/CW MCU v11.1/MCU/ARM_GCC_Support/ewl/lib/armv7e-m\libc.a(printformat_.o)
 .debug_abbrev  0x00001032      0x1f0 C:/Freescale/CW MCU v11.1/MCU/ARM_GCC_Support/ewl/lib/armv7e-m\libc.a(scanformat_.o)
 .debug_abbrev  0x00001222       0x85 C:/Freescale/CW MCU v11.1/MCU/ARM_GCC_Support/ewl/lib/armv7e-m\libc.a(ctype_aeabi.o)
 .debug_abbrev  0x000012a7       0xf0 C:/Freescale/CW MCU v11.1/MCU/ARM_GCC_Support/ewl/lib/armv7e-m\libc.a(vsnprintf.o)
 .debug_abbrev  0x00001397      0x15b C:/Freescale/CW MCU v11.1/MCU/ARM_GCC_Support/ewl/lib/armv7e-m\libc.a(fwrite.o)
 .debug_abbrev  0x000014f2       0xc2 C:/Freescale/CW MCU v11.1/MCU/ARM_GCC_Support/ewl/lib/armv7e-m\libc.a(__strtoul.o)
 .debug_abbrev  0x000015b4       0x89 C:/Freescale/CW MCU v11.1/MCU/ARM_GCC_Support/ewl/lib/armv7e-m\libc.a(strchr.o)
 .debug_abbrev  0x0000163d       0x95 C:/Freescale/CW MCU v11.1/MCU/ARM_GCC_Support/ewl/lib/armv7e-m\libc.a(memcpy.o)
 .debug_abbrev  0x000016d2       0x7a C:/Freescale/CW MCU v11.1/MCU/ARM_GCC_Support/ewl/lib/armv7e-m\libc.a(strlen.o)
 .debug_abbrev  0x0000174c       0x95 C:/Freescale/CW MCU v11.1/MCU/ARM_GCC_Support/ewl/lib/armv7e-m\libc.a(__memrchr.o)
 .debug_abbrev  0x000017e1       0x95 C:/Freescale/CW MCU v11.1/MCU/ARM_GCC_Support/ewl/lib/armv7e-m\libc.a(memchr.o)
 .debug_abbrev  0x00001876       0x99 C:/Freescale/CW MCU v11.1/MCU/ARM_GCC_Support/ewl/lib/armv7e-m\librt.a(gcc_ctor_dtor.o)
 .debug_abbrev  0x0000190f      0x1cc C:/Freescale/CW MCU v11.1/MCU/ARM_GCC_Support/ewl/lib/armv7e-m\librt.a(__arm_eabi_init.o)
 .debug_abbrev  0x00001adb      0x137 C:/Freescale/CW MCU v11.1/MCU/ARM_GCC_Support/ewl/lib/armv7e-m\librt.a(ROMCopy.o)
 .debug_abbrev  0x00001c12      0x137 C:/Freescale/CW MCU v11.1/MCU/ARM_GCC_Support/ewl/lib/armv7e-m\libhosted.a(semihosted_console_io.o)
 .debug_abbrev  0x00001d49      0x275 C:/Freescale/CW MCU v11.1/MCU/ARM_GCC_Support/ewl/lib/armv7e-m\libhosted.a(semihosted_file_io.o)

.debug_loc      0x00000000     0x3d28
 .debug_loc     0x00000000       0x58 ./Project_Settings/Startup_Code/kinetis_sysinit.o
 .debug_loc     0x00000058       0x2c ./Project_Settings/Startup_Code/__arm_start.o
 .debug_loc     0x00000084       0x38 ./Project_Settings/Startup_Code/__arm_end.o
 .debug_loc     0x000000bc      0x2be ./Sources/main.o
 .debug_loc     0x0000037a      0x9b4 ./Sources/Driver_SLCD.o
 .debug_loc     0x00000d2e       0x51 C:/Freescale/CW MCU v11.1/MCU/ARM_GCC_Support/ewl/lib/armv7e-m\libc.a(putchar.o)
 .debug_loc     0x00000d7f       0xb2 C:/Freescale/CW MCU v11.1/MCU/ARM_GCC_Support/ewl/lib/armv7e-m\libc.a(ansi_files.o)
 .debug_loc     0x00000e31       0x67 C:/Freescale/CW MCU v11.1/MCU/ARM_GCC_Support/ewl/lib/armv7e-m\libc.a(puts.o)
 .debug_loc     0x00000e98       0x87 C:/Freescale/CW MCU v11.1/MCU/ARM_GCC_Support/ewl/lib/armv7e-m\libc.a(__putchar.o)
 .debug_loc     0x00000f1f      0x144 C:/Freescale/CW MCU v11.1/MCU/ARM_GCC_Support/ewl/lib/armv7e-m\libc.a(__buffer_io.o)
 .debug_loc     0x00001063       0x3f C:/Freescale/CW MCU v11.1/MCU/ARM_GCC_Support/ewl/lib/armv7e-m\libc.a(sprintf.o)
 .debug_loc     0x000010a2       0x2c C:/Freescale/CW MCU v11.1/MCU/ARM_GCC_Support/ewl/lib/armv7e-m\libc.a(printf.o)
 .debug_loc     0x000010ce       0x3e C:/Freescale/CW MCU v11.1/MCU/ARM_GCC_Support/ewl/lib/armv7e-m\libc.a(exit.o)
 .debug_loc     0x0000110c       0x64 C:/Freescale/CW MCU v11.1/MCU/ARM_GCC_Support/ewl/lib/armv7e-m\libc.a(memset.o)
 .debug_loc     0x00001170      0x12c C:/Freescale/CW MCU v11.1/MCU/ARM_GCC_Support/ewl/lib/armv7e-m\libc.a(__filll_mem.o)
 .debug_loc     0x0000129c      0xbdc C:/Freescale/CW MCU v11.1/MCU/ARM_GCC_Support/ewl/lib/armv7e-m\libc.a(printformat_.o)
 .debug_loc     0x00001e78      0x8b6 C:/Freescale/CW MCU v11.1/MCU/ARM_GCC_Support/ewl/lib/armv7e-m\libc.a(scanformat_.o)
 .debug_loc     0x0000272e      0x18e C:/Freescale/CW MCU v11.1/MCU/ARM_GCC_Support/ewl/lib/armv7e-m\libc.a(ctype_aeabi.o)
 .debug_loc     0x000028bc      0x105 C:/Freescale/CW MCU v11.1/MCU/ARM_GCC_Support/ewl/lib/armv7e-m\libc.a(vsnprintf.o)
 .debug_loc     0x000029c1      0x2e9 C:/Freescale/CW MCU v11.1/MCU/ARM_GCC_Support/ewl/lib/armv7e-m\libc.a(fwrite.o)
 .debug_loc     0x00002caa      0x2bb C:/Freescale/CW MCU v11.1/MCU/ARM_GCC_Support/ewl/lib/armv7e-m\libc.a(__strtoul.o)
 .debug_loc     0x00002f65       0x7c C:/Freescale/CW MCU v11.1/MCU/ARM_GCC_Support/ewl/lib/armv7e-m\libc.a(strchr.o)
 .debug_loc     0x00002fe1       0x59 C:/Freescale/CW MCU v11.1/MCU/ARM_GCC_Support/ewl/lib/armv7e-m\libc.a(memcpy.o)
 .debug_loc     0x0000303a       0x26 C:/Freescale/CW MCU v11.1/MCU/ARM_GCC_Support/ewl/lib/armv7e-m\libc.a(strlen.o)
 .debug_loc     0x00003060       0x82 C:/Freescale/CW MCU v11.1/MCU/ARM_GCC_Support/ewl/lib/armv7e-m\libc.a(__memrchr.o)
 .debug_loc     0x000030e2       0x62 C:/Freescale/CW MCU v11.1/MCU/ARM_GCC_Support/ewl/lib/armv7e-m\libc.a(memchr.o)
 .debug_loc     0x00003144       0x9d C:/Freescale/CW MCU v11.1/MCU/ARM_GCC_Support/ewl/lib/armv7e-m\librt.a(gcc_ctor_dtor.o)
 .debug_loc     0x000031e1      0x144 C:/Freescale/CW MCU v11.1/MCU/ARM_GCC_Support/ewl/lib/armv7e-m\librt.a(__arm_eabi_init.o)
 .debug_loc     0x00003325       0xb9 C:/Freescale/CW MCU v11.1/MCU/ARM_GCC_Support/ewl/lib/armv7e-m\librt.a(ROMCopy.o)
 .debug_loc     0x000033de      0x165 C:/Freescale/CW MCU v11.1/MCU/ARM_GCC_Support/ewl/lib/armv7e-m\libhosted.a(semihosted_console_io.o)
 .debug_loc     0x00003543      0x7e5 C:/Freescale/CW MCU v11.1/MCU/ARM_GCC_Support/ewl/lib/armv7e-m\libhosted.a(semihosted_file_io.o)

.debug_aranges  0x00000000      0x7b8
 .debug_aranges
                0x00000000       0x28 ./Project_Settings/Startup_Code/kinetis_sysinit.o
 .debug_aranges
                0x00000028       0x30 ./Project_Settings/Startup_Code/__arm_start.o
 .debug_aranges
                0x00000058       0x20 ./Project_Settings/Startup_Code/__arm_end.o
 .debug_aranges
                0x00000078       0x88 ./Sources/main.o
 .debug_aranges
                0x00000100       0x18 ./Sources/Fonts_LCD.o
 .debug_aranges
                0x00000118      0x180 ./Sources/Driver_SLCD.o
 .debug_aranges
                0x00000298       0x20 C:/Freescale/CW MCU v11.1/MCU/ARM_GCC_Support/ewl/lib/armv7e-m\libc.a(putchar.o)
 .debug_aranges
                0x000002b8       0x28 C:/Freescale/CW MCU v11.1/MCU/ARM_GCC_Support/ewl/lib/armv7e-m\libc.a(ansi_files.o)
 .debug_aranges
                0x000002e0       0x20 C:/Freescale/CW MCU v11.1/MCU/ARM_GCC_Support/ewl/lib/armv7e-m\libc.a(puts.o)
 .debug_aranges
                0x00000300       0x20 C:/Freescale/CW MCU v11.1/MCU/ARM_GCC_Support/ewl/lib/armv7e-m\libc.a(__putchar.o)
 .debug_aranges
                0x00000320       0x30 C:/Freescale/CW MCU v11.1/MCU/ARM_GCC_Support/ewl/lib/armv7e-m\libc.a(__buffer_io.o)
 .debug_aranges
                0x00000350       0x20 C:/Freescale/CW MCU v11.1/MCU/ARM_GCC_Support/ewl/lib/armv7e-m\libc.a(sprintf.o)
 .debug_aranges
                0x00000370       0x20 C:/Freescale/CW MCU v11.1/MCU/ARM_GCC_Support/ewl/lib/armv7e-m\libc.a(printf.o)
 .debug_aranges
                0x00000390       0x20 C:/Freescale/CW MCU v11.1/MCU/ARM_GCC_Support/ewl/lib/armv7e-m\libc.a(exit.o)
 .debug_aranges
                0x000003b0       0x20 C:/Freescale/CW MCU v11.1/MCU/ARM_GCC_Support/ewl/lib/armv7e-m\libc.a(memset.o)
 .debug_aranges
                0x000003d0       0x20 C:/Freescale/CW MCU v11.1/MCU/ARM_GCC_Support/ewl/lib/armv7e-m\libc.a(__filll_mem.o)
 .debug_aranges
                0x000003f0       0x28 C:/Freescale/CW MCU v11.1/MCU/ARM_GCC_Support/ewl/lib/armv7e-m\libc.a(printformat_.o)
 .debug_aranges
                0x00000418       0x20 C:/Freescale/CW MCU v11.1/MCU/ARM_GCC_Support/ewl/lib/armv7e-m\libc.a(scanformat_.o)
 .debug_aranges
                0x00000438       0x88 C:/Freescale/CW MCU v11.1/MCU/ARM_GCC_Support/ewl/lib/armv7e-m\libc.a(ctype_aeabi.o)
 .debug_aranges
                0x000004c0       0x28 C:/Freescale/CW MCU v11.1/MCU/ARM_GCC_Support/ewl/lib/armv7e-m\libc.a(vsnprintf.o)
 .debug_aranges
                0x000004e8       0x30 C:/Freescale/CW MCU v11.1/MCU/ARM_GCC_Support/ewl/lib/armv7e-m\libc.a(fwrite.o)
 .debug_aranges
                0x00000518       0x20 C:/Freescale/CW MCU v11.1/MCU/ARM_GCC_Support/ewl/lib/armv7e-m\libc.a(__strtoul.o)
 .debug_aranges
                0x00000538       0x20 C:/Freescale/CW MCU v11.1/MCU/ARM_GCC_Support/ewl/lib/armv7e-m\libc.a(strchr.o)
 .debug_aranges
                0x00000558       0x20 C:/Freescale/CW MCU v11.1/MCU/ARM_GCC_Support/ewl/lib/armv7e-m\libc.a(memcpy.o)
 .debug_aranges
                0x00000578       0x20 C:/Freescale/CW MCU v11.1/MCU/ARM_GCC_Support/ewl/lib/armv7e-m\libc.a(strlen.o)
 .debug_aranges
                0x00000598       0x20 C:/Freescale/CW MCU v11.1/MCU/ARM_GCC_Support/ewl/lib/armv7e-m\libc.a(__memrchr.o)
 .debug_aranges
                0x000005b8       0x20 C:/Freescale/CW MCU v11.1/MCU/ARM_GCC_Support/ewl/lib/armv7e-m\libc.a(memchr.o)
 .debug_aranges
                0x000005d8       0x28 C:/Freescale/CW MCU v11.1/MCU/ARM_GCC_Support/ewl/lib/armv7e-m\librt.a(gcc_ctor_dtor.o)
 .debug_aranges
                0x00000600       0x58 C:/Freescale/CW MCU v11.1/MCU/ARM_GCC_Support/ewl/lib/armv7e-m\librt.a(__arm_eabi_init.o)
 .debug_aranges
                0x00000658       0x30 C:/Freescale/CW MCU v11.1/MCU/ARM_GCC_Support/ewl/lib/armv7e-m\librt.a(ROMCopy.o)
 .debug_aranges
                0x00000688       0x50 C:/Freescale/CW MCU v11.1/MCU/ARM_GCC_Support/ewl/lib/armv7e-m\libhosted.a(semihosted_console_io.o)
 .debug_aranges
                0x000006d8       0xe0 C:/Freescale/CW MCU v11.1/MCU/ARM_GCC_Support/ewl/lib/armv7e-m\libhosted.a(semihosted_file_io.o)

.debug_macinfo  0x00000000   0x140f5e
 .debug_macinfo
                0x00000000    0x678d1 ./Project_Settings/Startup_Code/kinetis_sysinit.o
 .debug_macinfo
                0x000678d1     0x3f50 ./Project_Settings/Startup_Code/__arm_start.o
 .debug_macinfo
                0x0006b821     0x3539 ./Project_Settings/Startup_Code/__arm_end.o
 .debug_macinfo
                0x0006ed5a    0x67dca ./Sources/main.o
 .debug_macinfo
                0x000d6b24     0x275e ./Sources/Fonts_LCD.o
 .debug_macinfo
                0x000d9282    0x67cdc ./Sources/Driver_SLCD.o

.debug_line     0x00000000     0x311f
 .debug_line    0x00000000      0x2c8 ./Project_Settings/Startup_Code/kinetis_sysinit.o
 .debug_line    0x000002c8      0x299 ./Project_Settings/Startup_Code/__arm_start.o
 .debug_line    0x00000561      0x266 ./Project_Settings/Startup_Code/__arm_end.o
 .debug_line    0x000007c7      0x452 ./Sources/main.o
 .debug_line    0x00000c19      0x107 ./Sources/Fonts_LCD.o
 .debug_line    0x00000d20      0x8f1 ./Sources/Driver_SLCD.o
 .debug_line    0x00001611       0x98 C:/Freescale/CW MCU v11.1/MCU/ARM_GCC_Support/ewl/lib/armv7e-m\libc.a(putchar.o)
 .debug_line    0x000016a9       0xc0 C:/Freescale/CW MCU v11.1/MCU/ARM_GCC_Support/ewl/lib/armv7e-m\libc.a(ansi_files.o)
 .debug_line    0x00001769       0x9c C:/Freescale/CW MCU v11.1/MCU/ARM_GCC_Support/ewl/lib/armv7e-m\libc.a(puts.o)
 .debug_line    0x00001805       0xc2 C:/Freescale/CW MCU v11.1/MCU/ARM_GCC_Support/ewl/lib/armv7e-m\libc.a(__putchar.o)
 .debug_line    0x000018c7       0xfa C:/Freescale/CW MCU v11.1/MCU/ARM_GCC_Support/ewl/lib/armv7e-m\libc.a(__buffer_io.o)
 .debug_line    0x000019c1       0x94 C:/Freescale/CW MCU v11.1/MCU/ARM_GCC_Support/ewl/lib/armv7e-m\libc.a(sprintf.o)
 .debug_line    0x00001a55       0xb6 C:/Freescale/CW MCU v11.1/MCU/ARM_GCC_Support/ewl/lib/armv7e-m\libc.a(printf.o)
 .debug_line    0x00001b0b       0x94 C:/Freescale/CW MCU v11.1/MCU/ARM_GCC_Support/ewl/lib/armv7e-m\libc.a(exit.o)
 .debug_line    0x00001b9f       0x8f C:/Freescale/CW MCU v11.1/MCU/ARM_GCC_Support/ewl/lib/armv7e-m\libc.a(memset.o)
 .debug_line    0x00001c2e       0xcd C:/Freescale/CW MCU v11.1/MCU/ARM_GCC_Support/ewl/lib/armv7e-m\libc.a(__filll_mem.o)
 .debug_line    0x00001cfb      0x2b4 C:/Freescale/CW MCU v11.1/MCU/ARM_GCC_Support/ewl/lib/armv7e-m\libc.a(printformat_.o)
 .debug_line    0x00001faf      0x2df C:/Freescale/CW MCU v11.1/MCU/ARM_GCC_Support/ewl/lib/armv7e-m\libc.a(scanformat_.o)
 .debug_line    0x0000228e      0x1a9 C:/Freescale/CW MCU v11.1/MCU/ARM_GCC_Support/ewl/lib/armv7e-m\libc.a(ctype_aeabi.o)
 .debug_line    0x00002437       0xd1 C:/Freescale/CW MCU v11.1/MCU/ARM_GCC_Support/ewl/lib/armv7e-m\libc.a(vsnprintf.o)
 .debug_line    0x00002508      0x155 C:/Freescale/CW MCU v11.1/MCU/ARM_GCC_Support/ewl/lib/armv7e-m\libc.a(fwrite.o)
 .debug_line    0x0000265d      0x11b C:/Freescale/CW MCU v11.1/MCU/ARM_GCC_Support/ewl/lib/armv7e-m\libc.a(__strtoul.o)
 .debug_line    0x00002778       0x7d C:/Freescale/CW MCU v11.1/MCU/ARM_GCC_Support/ewl/lib/armv7e-m\libc.a(strchr.o)
 .debug_line    0x000027f5       0x8b C:/Freescale/CW MCU v11.1/MCU/ARM_GCC_Support/ewl/lib/armv7e-m\libc.a(memcpy.o)
 .debug_line    0x00002880       0x83 C:/Freescale/CW MCU v11.1/MCU/ARM_GCC_Support/ewl/lib/armv7e-m\libc.a(strlen.o)
 .debug_line    0x00002903       0x99 C:/Freescale/CW MCU v11.1/MCU/ARM_GCC_Support/ewl/lib/armv7e-m\libc.a(__memrchr.o)
 .debug_line    0x0000299c       0x9f C:/Freescale/CW MCU v11.1/MCU/ARM_GCC_Support/ewl/lib/armv7e-m\libc.a(memchr.o)
 .debug_line    0x00002a3b       0x67 C:/Freescale/CW MCU v11.1/MCU/ARM_GCC_Support/ewl/lib/armv7e-m\librt.a(gcc_ctor_dtor.o)
 .debug_line    0x00002aa2      0x111 C:/Freescale/CW MCU v11.1/MCU/ARM_GCC_Support/ewl/lib/armv7e-m\librt.a(__arm_eabi_init.o)
 .debug_line    0x00002bb3       0xa9 C:/Freescale/CW MCU v11.1/MCU/ARM_GCC_Support/ewl/lib/armv7e-m\librt.a(ROMCopy.o)
 .debug_line    0x00002c5c      0x14c C:/Freescale/CW MCU v11.1/MCU/ARM_GCC_Support/ewl/lib/armv7e-m\libhosted.a(semihosted_console_io.o)
 .debug_line    0x00002da8      0x377 C:/Freescale/CW MCU v11.1/MCU/ARM_GCC_Support/ewl/lib/armv7e-m\libhosted.a(semihosted_file_io.o)

.debug_str      0x00000000     0x20d9
 .debug_str     0x00000000      0x25b ./Project_Settings/Startup_Code/kinetis_sysinit.o
                                0x294 (size before relaxing)
 .debug_str     0x0000025b       0x85 ./Project_Settings/Startup_Code/__arm_start.o
                                0x194 (size before relaxing)
 .debug_str     0x000002e0       0x41 ./Project_Settings/Startup_Code/__arm_end.o
                                 0xcb (size before relaxing)
 .debug_str     0x00000321      0x3c9 ./Sources/main.o
                                0x526 (size before relaxing)
 .debug_str     0x000006ea       0x3d ./Sources/Fonts_LCD.o
                                0x13f (size before relaxing)
 .debug_str     0x00000727      0x74f ./Sources/Driver_SLCD.o
                                0x9a4 (size before relaxing)
 .debug_str     0x00000e76      0x195 C:/Freescale/CW MCU v11.1/MCU/ARM_GCC_Support/ewl/lib/armv7e-m\libc.a(putchar.o)
                                0x2c6 (size before relaxing)
 .debug_str     0x0000100b      0x198 C:/Freescale/CW MCU v11.1/MCU/ARM_GCC_Support/ewl/lib/armv7e-m\libc.a(ansi_files.o)
                                0x442 (size before relaxing)
 .debug_str     0x000011a3       0x16 C:/Freescale/CW MCU v11.1/MCU/ARM_GCC_Support/ewl/lib/armv7e-m\libc.a(puts.o)
                                0x2cc (size before relaxing)
 .debug_str     0x000011b9       0x21 C:/Freescale/CW MCU v11.1/MCU/ARM_GCC_Support/ewl/lib/armv7e-m\libc.a(__putchar.o)
                                0x39e (size before relaxing)
 .debug_str     0x000011da       0xc3 C:/Freescale/CW MCU v11.1/MCU/ARM_GCC_Support/ewl/lib/armv7e-m\libc.a(__buffer_io.o)
                                0x373 (size before relaxing)
 .debug_str     0x0000129d       0x30 C:/Freescale/CW MCU v11.1/MCU/ARM_GCC_Support/ewl/lib/armv7e-m\libc.a(sprintf.o)
                                0x163 (size before relaxing)
 .debug_str     0x000012cd       0x13 C:/Freescale/CW MCU v11.1/MCU/ARM_GCC_Support/ewl/lib/armv7e-m\libc.a(printf.o)
                                0x2e9 (size before relaxing)
 .debug_str     0x000012e0       0x2e C:/Freescale/CW MCU v11.1/MCU/ARM_GCC_Support/ewl/lib/armv7e-m\libc.a(exit.o)
                                0x157 (size before relaxing)
 .debug_str     0x0000130e       0x1c C:/Freescale/CW MCU v11.1/MCU/ARM_GCC_Support/ewl/lib/armv7e-m\libc.a(memset.o)
                                0x140 (size before relaxing)
 .debug_str     0x0000132a       0x25 C:/Freescale/CW MCU v11.1/MCU/ARM_GCC_Support/ewl/lib/armv7e-m\libc.a(__filll_mem.o)
                                0x152 (size before relaxing)
 .debug_str     0x0000134f      0x218 C:/Freescale/CW MCU v11.1/MCU/ARM_GCC_Support/ewl/lib/armv7e-m\libc.a(printformat_.o)
                                0x3b3 (size before relaxing)
 .debug_str     0x00001567      0x17b C:/Freescale/CW MCU v11.1/MCU/ARM_GCC_Support/ewl/lib/armv7e-m\libc.a(scanformat_.o)
                                0x3f9 (size before relaxing)
 .debug_str     0x000016e2       0x9d C:/Freescale/CW MCU v11.1/MCU/ARM_GCC_Support/ewl/lib/armv7e-m\libc.a(ctype_aeabi.o)
                                0x1bc (size before relaxing)
 .debug_str     0x0000177f       0x83 C:/Freescale/CW MCU v11.1/MCU/ARM_GCC_Support/ewl/lib/armv7e-m\libc.a(vsnprintf.o)
                                0x1cc (size before relaxing)
 .debug_str     0x00001802      0x14b C:/Freescale/CW MCU v11.1/MCU/ARM_GCC_Support/ewl/lib/armv7e-m\libc.a(fwrite.o)
                                0x53b (size before relaxing)
 .debug_str     0x0000194d       0x5b C:/Freescale/CW MCU v11.1/MCU/ARM_GCC_Support/ewl/lib/armv7e-m\libc.a(__strtoul.o)
                                0x1fb (size before relaxing)
 .debug_str     0x000019a8       0x1c C:/Freescale/CW MCU v11.1/MCU/ARM_GCC_Support/ewl/lib/armv7e-m\libc.a(strchr.o)
                                0x137 (size before relaxing)
 .debug_str     0x000019c4       0x1c C:/Freescale/CW MCU v11.1/MCU/ARM_GCC_Support/ewl/lib/armv7e-m\libc.a(memcpy.o)
                                0x138 (size before relaxing)
 .debug_str     0x000019e0       0x1c C:/Freescale/CW MCU v11.1/MCU/ARM_GCC_Support/ewl/lib/armv7e-m\libc.a(strlen.o)
                                0x140 (size before relaxing)
 .debug_str     0x000019fc       0x22 C:/Freescale/CW MCU v11.1/MCU/ARM_GCC_Support/ewl/lib/armv7e-m\libc.a(__memrchr.o)
                                0x145 (size before relaxing)
 .debug_str     0x00001a1e       0x1c C:/Freescale/CW MCU v11.1/MCU/ARM_GCC_Support/ewl/lib/armv7e-m\libc.a(memchr.o)
                                0x148 (size before relaxing)
 .debug_str     0x00001a3a      0x126 C:/Freescale/CW MCU v11.1/MCU/ARM_GCC_Support/ewl/lib/armv7e-m\librt.a(gcc_ctor_dtor.o)
                                0x181 (size before relaxing)
 .debug_str     0x00001b60       0xf8 C:/Freescale/CW MCU v11.1/MCU/ARM_GCC_Support/ewl/lib/armv7e-m\librt.a(__arm_eabi_init.o)
                                0x1b5 (size before relaxing)
 .debug_str     0x00001c58       0x9b C:/Freescale/CW MCU v11.1/MCU/ARM_GCC_Support/ewl/lib/armv7e-m\librt.a(ROMCopy.o)
                                0x13c (size before relaxing)
 .debug_str     0x00001cf3       0x9b C:/Freescale/CW MCU v11.1/MCU/ARM_GCC_Support/ewl/lib/armv7e-m\libhosted.a(semihosted_console_io.o)
                                0x1ac (size before relaxing)
 .debug_str     0x00001d8e      0x34b C:/Freescale/CW MCU v11.1/MCU/ARM_GCC_Support/ewl/lib/armv7e-m\libhosted.a(semihosted_file_io.o)
                                0x5f2 (size before relaxing)

.comment        0x00000000       0x79
 .comment       0x00000000       0x79 ./Project_Settings/Startup_Code/kinetis_sysinit.o
                                 0x7a (size before relaxing)
 .comment       0x00000000       0x7a ./Project_Settings/Startup_Code/__arm_start.o
 .comment       0x00000000       0x7a ./Project_Settings/Startup_Code/__arm_end.o
 .comment       0x00000000       0x7a ./Sources/main.o
 .comment       0x00000000       0x7a ./Sources/Fonts_LCD.o
 .comment       0x00000000       0x7a ./Sources/Driver_SLCD.o
 .comment       0x00000000       0x7a C:/Freescale/CW MCU v11.1/MCU/ARM_GCC_Support/ewl/lib/armv7e-m\libc.a(putchar.o)
 .comment       0x00000000       0x7a C:/Freescale/CW MCU v11.1/MCU/ARM_GCC_Support/ewl/lib/armv7e-m\libc.a(ansi_files.o)
 .comment       0x00000000       0x7a C:/Freescale/CW MCU v11.1/MCU/ARM_GCC_Support/ewl/lib/armv7e-m\libc.a(puts.o)
 .comment       0x00000000       0x7a C:/Freescale/CW MCU v11.1/MCU/ARM_GCC_Support/ewl/lib/armv7e-m\libc.a(__putchar.o)
 .comment       0x00000000       0x7a C:/Freescale/CW MCU v11.1/MCU/ARM_GCC_Support/ewl/lib/armv7e-m\libc.a(__buffer_io.o)
 .comment       0x00000000       0x7a C:/Freescale/CW MCU v11.1/MCU/ARM_GCC_Support/ewl/lib/armv7e-m\libc.a(sprintf.o)
 .comment       0x00000000       0x7a C:/Freescale/CW MCU v11.1/MCU/ARM_GCC_Support/ewl/lib/armv7e-m\libc.a(printf.o)
 .comment       0x00000000       0x7a C:/Freescale/CW MCU v11.1/MCU/ARM_GCC_Support/ewl/lib/armv7e-m\libc.a(exit.o)
 .comment       0x00000000       0x7a C:/Freescale/CW MCU v11.1/MCU/ARM_GCC_Support/ewl/lib/armv7e-m\libc.a(memset.o)
 .comment       0x00000000       0x7a C:/Freescale/CW MCU v11.1/MCU/ARM_GCC_Support/ewl/lib/armv7e-m\libc.a(__filll_mem.o)
 .comment       0x00000000       0x7a C:/Freescale/CW MCU v11.1/MCU/ARM_GCC_Support/ewl/lib/armv7e-m\libc.a(printformat_.o)
 .comment       0x00000000       0x7a C:/Freescale/CW MCU v11.1/MCU/ARM_GCC_Support/ewl/lib/armv7e-m\libc.a(scanformat_.o)
 .comment       0x00000000       0x7a C:/Freescale/CW MCU v11.1/MCU/ARM_GCC_Support/ewl/lib/armv7e-m\libc.a(ctype_aeabi.o)
 .comment       0x00000000       0x7a C:/Freescale/CW MCU v11.1/MCU/ARM_GCC_Support/ewl/lib/armv7e-m\libc.a(vsnprintf.o)
 .comment       0x00000000       0x7a C:/Freescale/CW MCU v11.1/MCU/ARM_GCC_Support/ewl/lib/armv7e-m\libc.a(fwrite.o)
 .comment       0x00000000       0x7a C:/Freescale/CW MCU v11.1/MCU/ARM_GCC_Support/ewl/lib/armv7e-m\libc.a(__strtoul.o)
 .comment       0x00000000       0x7a C:/Freescale/CW MCU v11.1/MCU/ARM_GCC_Support/ewl/lib/armv7e-m\libc.a(strchr.o)
 .comment       0x00000000       0x7a C:/Freescale/CW MCU v11.1/MCU/ARM_GCC_Support/ewl/lib/armv7e-m\libc.a(memcpy.o)
 .comment       0x00000000       0x7a C:/Freescale/CW MCU v11.1/MCU/ARM_GCC_Support/ewl/lib/armv7e-m\libc.a(strlen.o)
 .comment       0x00000000       0x7a C:/Freescale/CW MCU v11.1/MCU/ARM_GCC_Support/ewl/lib/armv7e-m\libc.a(__memrchr.o)
 .comment       0x00000000       0x7a C:/Freescale/CW MCU v11.1/MCU/ARM_GCC_Support/ewl/lib/armv7e-m\libc.a(memchr.o)
 .comment       0x00000000       0x7a C:/Freescale/CW MCU v11.1/MCU/ARM_GCC_Support/ewl/lib/armv7e-m\librt.a(gcc_ctor_dtor.o)
 .comment       0x00000000       0x7a C:/Freescale/CW MCU v11.1/MCU/ARM_GCC_Support/ewl/lib/armv7e-m\librt.a(__arm_eabi_init.o)
 .comment       0x00000000       0x7a C:/Freescale/CW MCU v11.1/MCU/ARM_GCC_Support/ewl/lib/armv7e-m\librt.a(ROMCopy.o)
 .comment       0x00000000       0x7a C:/Freescale/CW MCU v11.1/MCU/ARM_GCC_Support/ewl/lib/armv7e-m\libhosted.a(semihosted_console_io.o)
 .comment       0x00000000       0x7a C:/Freescale/CW MCU v11.1/MCU/ARM_GCC_Support/ewl/lib/armv7e-m\libhosted.a(semihosted_file_io.o)

.debug_frame    0x00000000     0x10d4
 .debug_frame   0x00000000       0x40 ./Project_Settings/Startup_Code/kinetis_sysinit.o
 .debug_frame   0x00000040       0x4c ./Project_Settings/Startup_Code/__arm_start.o
 .debug_frame   0x0000008c       0x30 ./Project_Settings/Startup_Code/__arm_end.o
 .debug_frame   0x000000bc      0x19c ./Sources/main.o
 .debug_frame   0x00000258      0x510 ./Sources/Driver_SLCD.o
 .debug_frame   0x00000768       0x28 C:/Freescale/CW MCU v11.1/MCU/ARM_GCC_Support/ewl/lib/armv7e-m\libc.a(putchar.o)
 .debug_frame   0x00000790       0x48 C:/Freescale/CW MCU v11.1/MCU/ARM_GCC_Support/ewl/lib/armv7e-m\libc.a(ansi_files.o)
 .debug_frame   0x000007d8       0x28 C:/Freescale/CW MCU v11.1/MCU/ARM_GCC_Support/ewl/lib/armv7e-m\libc.a(puts.o)
 .debug_frame   0x00000800       0x2c C:/Freescale/CW MCU v11.1/MCU/ARM_GCC_Support/ewl/lib/armv7e-m\libc.a(__putchar.o)
 .debug_frame   0x0000082c       0x58 C:/Freescale/CW MCU v11.1/MCU/ARM_GCC_Support/ewl/lib/armv7e-m\libc.a(__buffer_io.o)
 .debug_frame   0x00000884       0x34 C:/Freescale/CW MCU v11.1/MCU/ARM_GCC_Support/ewl/lib/armv7e-m\libc.a(sprintf.o)
 .debug_frame   0x000008b8       0x3c C:/Freescale/CW MCU v11.1/MCU/ARM_GCC_Support/ewl/lib/armv7e-m\libc.a(printf.o)
 .debug_frame   0x000008f4       0x28 C:/Freescale/CW MCU v11.1/MCU/ARM_GCC_Support/ewl/lib/armv7e-m\libc.a(exit.o)
 .debug_frame   0x0000091c       0x28 C:/Freescale/CW MCU v11.1/MCU/ARM_GCC_Support/ewl/lib/armv7e-m\libc.a(memset.o)
 .debug_frame   0x00000944       0x2c C:/Freescale/CW MCU v11.1/MCU/ARM_GCC_Support/ewl/lib/armv7e-m\libc.a(__filll_mem.o)
 .debug_frame   0x00000970       0x64 C:/Freescale/CW MCU v11.1/MCU/ARM_GCC_Support/ewl/lib/armv7e-m\libc.a(printformat_.o)
 .debug_frame   0x000009d4       0x3c C:/Freescale/CW MCU v11.1/MCU/ARM_GCC_Support/ewl/lib/armv7e-m\libc.a(scanformat_.o)
 .debug_frame   0x00000a10       0xf0 C:/Freescale/CW MCU v11.1/MCU/ARM_GCC_Support/ewl/lib/armv7e-m\libc.a(ctype_aeabi.o)
 .debug_frame   0x00000b00       0x4c C:/Freescale/CW MCU v11.1/MCU/ARM_GCC_Support/ewl/lib/armv7e-m\libc.a(vsnprintf.o)
 .debug_frame   0x00000b4c       0x64 C:/Freescale/CW MCU v11.1/MCU/ARM_GCC_Support/ewl/lib/armv7e-m\libc.a(fwrite.o)
 .debug_frame   0x00000bb0       0x3c C:/Freescale/CW MCU v11.1/MCU/ARM_GCC_Support/ewl/lib/armv7e-m\libc.a(__strtoul.o)
 .debug_frame   0x00000bec       0x20 C:/Freescale/CW MCU v11.1/MCU/ARM_GCC_Support/ewl/lib/armv7e-m\libc.a(strchr.o)
 .debug_frame   0x00000c0c       0x28 C:/Freescale/CW MCU v11.1/MCU/ARM_GCC_Support/ewl/lib/armv7e-m\libc.a(memcpy.o)
 .debug_frame   0x00000c34       0x20 C:/Freescale/CW MCU v11.1/MCU/ARM_GCC_Support/ewl/lib/armv7e-m\libc.a(strlen.o)
 .debug_frame   0x00000c54       0x28 C:/Freescale/CW MCU v11.1/MCU/ARM_GCC_Support/ewl/lib/armv7e-m\libc.a(__memrchr.o)
 .debug_frame   0x00000c7c       0x20 C:/Freescale/CW MCU v11.1/MCU/ARM_GCC_Support/ewl/lib/armv7e-m\libc.a(memchr.o)
 .debug_frame   0x00000c9c       0x40 C:/Freescale/CW MCU v11.1/MCU/ARM_GCC_Support/ewl/lib/armv7e-m\librt.a(gcc_ctor_dtor.o)
 .debug_frame   0x00000cdc       0xac C:/Freescale/CW MCU v11.1/MCU/ARM_GCC_Support/ewl/lib/armv7e-m\librt.a(__arm_eabi_init.o)
 .debug_frame   0x00000d88       0x48 C:/Freescale/CW MCU v11.1/MCU/ARM_GCC_Support/ewl/lib/armv7e-m\librt.a(ROMCopy.o)
 .debug_frame   0x00000dd0       0x90 C:/Freescale/CW MCU v11.1/MCU/ARM_GCC_Support/ewl/lib/armv7e-m\libhosted.a(semihosted_console_io.o)
 .debug_frame   0x00000e60      0x274 C:/Freescale/CW MCU v11.1/MCU/ARM_GCC_Support/ewl/lib/armv7e-m\libhosted.a(semihosted_file_io.o)
